Archive member included to satisfy reference by file (symbol)

C:/ST/STM32CubeCLT_1.16.0/GNU-tools-for-STM32/bin/../lib/gcc/arm-none-eabi/12.3.1/../../../../arm-none-eabi/lib/thumb/v7e-m+fp/hard\libc_nano.a(libc_a-exit.o)
                              C:/ST/STM32CubeCLT_1.16.0/GNU-tools-for-STM32/bin/../lib/gcc/arm-none-eabi/12.3.1/../../../../arm-none-eabi/lib/thumb/v7e-m+fp/hard/crt0.o (exit)
C:/ST/STM32CubeCLT_1.16.0/GNU-tools-for-STM32/bin/../lib/gcc/arm-none-eabi/12.3.1/../../../../arm-none-eabi/lib/thumb/v7e-m+fp/hard\libc_nano.a(libc_a-findfp.o)
                              C:/ST/STM32CubeCLT_1.16.0/GNU-tools-for-STM32/bin/../lib/gcc/arm-none-eabi/12.3.1/../../../../arm-none-eabi/lib/thumb/v7e-m+fp/hard\libc_nano.a(libc_a-exit.o) (__stdio_exit_handler)
C:/ST/STM32CubeCLT_1.16.0/GNU-tools-for-STM32/bin/../lib/gcc/arm-none-eabi/12.3.1/../../../../arm-none-eabi/lib/thumb/v7e-m+fp/hard\libc_nano.a(libc_a-fwalk.o)
                              C:/ST/STM32CubeCLT_1.16.0/GNU-tools-for-STM32/bin/../lib/gcc/arm-none-eabi/12.3.1/../../../../arm-none-eabi/lib/thumb/v7e-m+fp/hard\libc_nano.a(libc_a-findfp.o) (_fwalk_sglue)
C:/ST/STM32CubeCLT_1.16.0/GNU-tools-for-STM32/bin/../lib/gcc/arm-none-eabi/12.3.1/../../../../arm-none-eabi/lib/thumb/v7e-m+fp/hard\libc_nano.a(libc_a-stdio.o)
                              C:/ST/STM32CubeCLT_1.16.0/GNU-tools-for-STM32/bin/../lib/gcc/arm-none-eabi/12.3.1/../../../../arm-none-eabi/lib/thumb/v7e-m+fp/hard\libc_nano.a(libc_a-findfp.o) (__sread)
C:/ST/STM32CubeCLT_1.16.0/GNU-tools-for-STM32/bin/../lib/gcc/arm-none-eabi/12.3.1/../../../../arm-none-eabi/lib/thumb/v7e-m+fp/hard\libc_nano.a(libc_a-memset.o)
                              C:/ST/STM32CubeCLT_1.16.0/GNU-tools-for-STM32/bin/../lib/gcc/arm-none-eabi/12.3.1/../../../../arm-none-eabi/lib/thumb/v7e-m+fp/hard/crt0.o (memset)
C:/ST/STM32CubeCLT_1.16.0/GNU-tools-for-STM32/bin/../lib/gcc/arm-none-eabi/12.3.1/../../../../arm-none-eabi/lib/thumb/v7e-m+fp/hard\libc_nano.a(libc_a-closer.o)
                              C:/ST/STM32CubeCLT_1.16.0/GNU-tools-for-STM32/bin/../lib/gcc/arm-none-eabi/12.3.1/../../../../arm-none-eabi/lib/thumb/v7e-m+fp/hard\libc_nano.a(libc_a-stdio.o) (_close_r)
C:/ST/STM32CubeCLT_1.16.0/GNU-tools-for-STM32/bin/../lib/gcc/arm-none-eabi/12.3.1/../../../../arm-none-eabi/lib/thumb/v7e-m+fp/hard\libc_nano.a(libc_a-reent.o)
                              C:/ST/STM32CubeCLT_1.16.0/GNU-tools-for-STM32/bin/../lib/gcc/arm-none-eabi/12.3.1/../../../../arm-none-eabi/lib/thumb/v7e-m+fp/hard\libc_nano.a(libc_a-closer.o) (errno)
C:/ST/STM32CubeCLT_1.16.0/GNU-tools-for-STM32/bin/../lib/gcc/arm-none-eabi/12.3.1/../../../../arm-none-eabi/lib/thumb/v7e-m+fp/hard\libc_nano.a(libc_a-impure.o)
                              C:/ST/STM32CubeCLT_1.16.0/GNU-tools-for-STM32/bin/../lib/gcc/arm-none-eabi/12.3.1/../../../../arm-none-eabi/lib/thumb/v7e-m+fp/hard\libc_nano.a(libc_a-reent.o) (_impure_ptr)
C:/ST/STM32CubeCLT_1.16.0/GNU-tools-for-STM32/bin/../lib/gcc/arm-none-eabi/12.3.1/../../../../arm-none-eabi/lib/thumb/v7e-m+fp/hard\libc_nano.a(libc_a-lseekr.o)
                              C:/ST/STM32CubeCLT_1.16.0/GNU-tools-for-STM32/bin/../lib/gcc/arm-none-eabi/12.3.1/../../../../arm-none-eabi/lib/thumb/v7e-m+fp/hard\libc_nano.a(libc_a-stdio.o) (_lseek_r)
C:/ST/STM32CubeCLT_1.16.0/GNU-tools-for-STM32/bin/../lib/gcc/arm-none-eabi/12.3.1/../../../../arm-none-eabi/lib/thumb/v7e-m+fp/hard\libc_nano.a(libc_a-readr.o)
                              C:/ST/STM32CubeCLT_1.16.0/GNU-tools-for-STM32/bin/../lib/gcc/arm-none-eabi/12.3.1/../../../../arm-none-eabi/lib/thumb/v7e-m+fp/hard\libc_nano.a(libc_a-stdio.o) (_read_r)
C:/ST/STM32CubeCLT_1.16.0/GNU-tools-for-STM32/bin/../lib/gcc/arm-none-eabi/12.3.1/../../../../arm-none-eabi/lib/thumb/v7e-m+fp/hard\libc_nano.a(libc_a-writer.o)
                              C:/ST/STM32CubeCLT_1.16.0/GNU-tools-for-STM32/bin/../lib/gcc/arm-none-eabi/12.3.1/../../../../arm-none-eabi/lib/thumb/v7e-m+fp/hard\libc_nano.a(libc_a-stdio.o) (_write_r)
C:/ST/STM32CubeCLT_1.16.0/GNU-tools-for-STM32/bin/../lib/gcc/arm-none-eabi/12.3.1/../../../../arm-none-eabi/lib/thumb/v7e-m+fp/hard\libc_nano.a(libc_a-init.o)
                              C:/ST/STM32CubeCLT_1.16.0/GNU-tools-for-STM32/bin/../lib/gcc/arm-none-eabi/12.3.1/../../../../arm-none-eabi/lib/thumb/v7e-m+fp/hard/crt0.o (__libc_init_array)
C:/ST/STM32CubeCLT_1.16.0/GNU-tools-for-STM32/bin/../lib/gcc/arm-none-eabi/12.3.1/../../../../arm-none-eabi/lib/thumb/v7e-m+fp/hard\libc_nano.a(libc_a-lock.o)
                              C:/ST/STM32CubeCLT_1.16.0/GNU-tools-for-STM32/bin/../lib/gcc/arm-none-eabi/12.3.1/../../../../arm-none-eabi/lib/thumb/v7e-m+fp/hard\libc_nano.a(libc_a-findfp.o) (__retarget_lock_init_recursive)
C:/ST/STM32CubeCLT_1.16.0/GNU-tools-for-STM32/bin/../lib/gcc/arm-none-eabi/12.3.1/../../../../arm-none-eabi/lib/thumb/v7e-m+fp/hard\libc_nano.a(libc_a-freer.o)
[...]
Memory Configuration

Name             Origin             Length             Attributes
RAM              0x20000000         0x00020000         xrw
FLASH            0x08000000         0x00080000         xr
*default*        0x00000000         0xffffffff

Linker script and memory map

LOAD C:/ST/STM32CubeCLT_1.16.0/GNU-tools-for-STM32/bin/../lib/gcc/arm-none-eabi/12.3.1/thumb/v7e-m+fp/hard/crti.o
LOAD C:/ST/STM32CubeCLT_1.16.0/GNU-tools-for-STM32/bin/../lib/gcc/arm-none-eabi/12.3.1/thumb/v7e-m+fp/hard/crtbegin.o
LOAD C:/ST/STM32CubeCLT_1.16.0/GNU-tools-for-STM32/bin/../lib/gcc/arm-none-eabi/12.3.1/../../../../arm-none-eabi/lib/thumb/v7e-m+fp/hard/crt0.o
LOAD build/main.o
LOAD build/stm32f4xx_it.o
LOAD build/stm32f4xx_hal_msp.o
LOAD build/stm32f4xx_hal_tim.o
LOAD build/stm32f4xx_hal_tim_ex.o
LOAD build/stm32f4xx_hal_rcc.o
LOAD build/stm32f4xx_hal_rcc_ex.o
LOAD build/stm32f4xx_hal_flash.o
LOAD build/stm32f4xx_hal_flash_ex.o
LOAD build/stm32f4xx_hal_flash_ramfunc.o
LOAD build/stm32f4xx_hal_gpio.o
LOAD build/stm32f4xx_hal_dma_ex.o
LOAD build/stm32f4xx_hal_dma.o
LOAD build/stm32f4xx_hal_pwr.o
LOAD build/stm32f4xx_hal_pwr_ex.o
LOAD build/stm32f4xx_hal_cortex.o
LOAD build/stm32f4xx_hal.o
LOAD build/stm32f4xx_hal_exti.o
LOAD build/system_stm32f4xx.o
LOAD build/startup_stm32f411xe.o
LOAD C:/ST/STM32CubeCLT_1.16.0/GNU-tools-for-STM32/bin/../lib/gcc/arm-none-eabi/12.3.1/../../../../arm-none-eabi/lib/thumb/v7e-m+fp/hard\libc_nano.a
LOAD C:/ST/STM32CubeCLT_1.16.0/GNU-tools-for-STM32/bin/../lib/gcc/arm-none-eabi/12.3.1/../../../../arm-none-eabi/lib/thumb/v7e-m+fp/hard\libm.a
LOAD C:/ST/STM32CubeCLT_1.16.0/GNU-tools-for-STM32/bin/../lib/gcc/arm-none-eabi/12.3.1/../../../../arm-none-eabi/lib/thumb/v7e-m+fp/hard\libnosys.a
START GROUP
LOAD C:/ST/STM32CubeCLT_1.16.0/GNU-tools-for-STM32/bin/../lib/gcc/arm-none-eabi/12.3.1/thumb/v7e-m+fp/hard\libgcc.a
LOAD C:/ST/STM32CubeCLT_1.16.0/GNU-tools-for-STM32/bin/../lib/gcc/arm-none-eabi/12.3.1/../../../../arm-none-eabi/lib/thumb/v7e-m+fp/hard\libc_nano.a
END GROUP
START GROUP
LOAD C:/ST/STM32CubeCLT_1.16.0/GNU-tools-for-STM32/bin/../lib/gcc/arm-none-eabi/12.3.1/thumb/v7e-m+fp/hard\libgcc.a
LOAD C:/ST/STM32CubeCLT_1.16.0/GNU-tools-for-STM32/bin/../lib/gcc/arm-none-eabi/12.3.1/../../../../arm-none-eabi/lib/thumb/v7e-m+fp/hard\libc_nano.a
END GROUP
LOAD C:/ST/STM32CubeCLT_1.16.0/GNU-tools-for-STM32/bin/../lib/gcc/arm-none-eabi/12.3.1/thumb/v7e-m+fp/hard/crtend.o
LOAD C:/ST/STM32CubeCLT_1.16.0/GNU-tools-for-STM32/bin/../lib/gcc/arm-none-eabi/12.3.1/thumb/v7e-m+fp/hard/crtn.o
                0x20020000                        _estack = (ORIGIN (RAM) + LENGTH (RAM))
                0x00000200                        _Min_Heap_Size = 0x200
                0x00000400                        _Min_Stack_Size = 0x400

.isr_vector     0x08000000      0x198
                0x08000000                        . = ALIGN (0x4)
 *(.isr_vector)
 .isr_vector    0x08000000      0x198 build/startup_stm32f411xe.o
                0x08000000                g_pfnVectors
                0x08000198                        . = ALIGN (0x4)

.text           0x08000198     0x2ae8
                0x08000198                        . = ALIGN (0x4)
 *(.text)
 .text          0x08000198       0x40 C:/ST/STM32CubeCLT_1.16.0/GNU-tools-for-STM32/bin/../lib/gcc/arm-none-eabi/12.3.1/thumb/v7e-m+fp/hard/crtbegin.o
 .text          0x080001d8       0x30 C:/ST/STM32CubeCLT_1.16.0/GNU-tools-for-STM32/bin/../lib/gcc/arm-none-eabi/12.3.1/thumb/v7e-m+fp/hard\libgcc.a(_aeabi_uldivmod.o)
                0x080001d8                __aeabi_uldivmod
 .text          0x08000208      0x2bc C:/ST/STM32CubeCLT_1.16.0/GNU-tools-for-STM32/bin/../lib/gcc/arm-none-eabi/12.3.1/thumb/v7e-m+fp/hard\libgcc.a(_udivmoddi4.o)
                0x08000208                __udivmoddi4
 .text          0x080004c4        0x4 C:/ST/STM32CubeCLT_1.16.0/GNU-tools-for-STM32/bin/../lib/gcc/arm-none-eabi/12.3.1/thumb/v7e-m+fp/hard\libgcc.a(_dvmd_tls.o)
                0x080004c4                __aeabi_idiv0
                0x080004c4                __aeabi_ldiv0
 *(.text*)
 .text.main     0x080004c8       0xe4 build/main.o
                0x080004c8                main
 .text.SystemClock_Config
                0x080005ac       0xd0 build/main.o
                0x080005ac                SystemClock_Config
 .text.MX_TIM4_Init
                0x0800067c      0x100 build/main.o
 .text.MX_GPIO_Init
                0x0800077c      0x134 build/main.o
 .text.HAL_TIM_IC_CaptureCallback
                0x080008b0       0x4c build/main.o
                0x080008b0                HAL_TIM_IC_CaptureCallback
 .text.Error_Handler
                0x080008fc        0xc build/main.o
                0x080008fc                Error_Handler
 .text.NMI_Handler
                0x08000908        0x8 build/stm32f4xx_it.o
                0x08000908                NMI_Handler
 .text.HardFault_Handler
                0x08000910        0x8 build/stm32f4xx_it.o
                0x08000910                HardFault_Handler
 .text.MemManage_Handler
                0x08000918        0x8 build/stm32f4xx_it.o
                0x08000918                MemManage_Handler
 .text.BusFault_Handler
                0x08000920        0x8 build/stm32f4xx_it.o
                0x08000920                BusFault_Handler
 .text.UsageFault_Handler
                0x08000928        0x8 build/stm32f4xx_it.o
                0x08000928                UsageFault_Handler
 .text.SVC_Handler
                0x08000930        0xe build/stm32f4xx_it.o
                0x08000930                SVC_Handler
 .text.DebugMon_Handler
                0x0800093e        0xe build/stm32f4xx_it.o
                0x0800093e                DebugMon_Handler
 .text.PendSV_Handler
                0x0800094c        0xe build/stm32f4xx_it.o
                0x0800094c                PendSV_Handler
 .text.SysTick_Handler
                0x0800095a        0xc build/stm32f4xx_it.o
                0x0800095a                SysTick_Handler
 *fill*         0x08000966        0x2 
 .text.TIM4_IRQHandler
                0x08000968       0x14 build/stm32f4xx_it.o
                0x08000968                TIM4_IRQHandler
 .text.HAL_MspInit
                0x0800097c       0x50 build/stm32f4xx_hal_msp.o
                0x0800097c                HAL_MspInit
 .text.HAL_TIM_Base_MspInit
                0x080009cc       0xa0 build/stm32f4xx_hal_msp.o
                0x080009cc                HAL_TIM_Base_MspInit
 .text.HAL_TIM_Base_Init
                0x08000a6c       0x9e build/stm32f4xx_hal_tim.o
                0x08000a6c                HAL_TIM_Base_Init
 .text.HAL_TIM_IC_Init
                0x08000b0a       0x9e build/stm32f4xx_hal_tim.o
                0x08000b0a                HAL_TIM_IC_Init
 .text.HAL_TIM_IC_MspInit
                0x08000ba8       0x14 build/stm32f4xx_hal_tim.o
                0x08000ba8                HAL_TIM_IC_MspInit
 .text.HAL_TIM_IC_Start
                0x08000bbc      0x19c build/stm32f4xx_hal_tim.o
                0x08000bbc                HAL_TIM_IC_Start
 .text.HAL_TIM_IC_Stop
                0x08000d58       0xc2 build/stm32f4xx_hal_tim.o
                0x08000d58                HAL_TIM_IC_Stop
 *fill*         0x08000e1a        0x2 
 .text.HAL_TIM_IC_Start_IT
                0x08000e1c      0x234 build/stm32f4xx_hal_tim.o
                0x08000e1c                HAL_TIM_IC_Start_IT
 .text.HAL_TIM_IC_Stop_IT
                0x08001050      0x15c build/stm32f4xx_hal_tim.o
                0x08001050                HAL_TIM_IC_Stop_IT
 .text.HAL_TIM_IRQHandler
                0x080011ac      0x210 build/stm32f4xx_hal_tim.o
                0x080011ac                HAL_TIM_IRQHandler
 .text.HAL_TIM_IC_ConfigChannel
                0x080013bc      0x138 build/stm32f4xx_hal_tim.o
                0x080013bc                HAL_TIM_IC_ConfigChannel
 .text.HAL_TIM_ConfigClockSource
                0x080014f4      0x18e build/stm32f4xx_hal_tim.o
                0x080014f4                HAL_TIM_ConfigClockSource
 .text.HAL_TIM_PeriodElapsedCallback
                0x08001682       0x14 build/stm32f4xx_hal_tim.o
                0x08001682                HAL_TIM_PeriodElapsedCallback
 .text.HAL_TIM_OC_DelayElapsedCallback
                0x08001696       0x14 build/stm32f4xx_hal_tim.o
                0x08001696                HAL_TIM_OC_DelayElapsedCallback
 .text.HAL_TIM_PWM_PulseFinishedCallback
                0x080016aa       0x14 build/stm32f4xx_hal_tim.o
                0x080016aa                HAL_TIM_PWM_PulseFinishedCallback
 .text.HAL_TIM_TriggerCallback
                0x080016be       0x14 build/stm32f4xx_hal_tim.o
                0x080016be                HAL_TIM_TriggerCallback
 *fill*         0x080016d2        0x2 
 .text.TIM_Base_SetConfig
                0x080016d4      0x100 build/stm32f4xx_hal_tim.o
                0x080016d4                TIM_Base_SetConfig
 .text.TIM_TI1_SetConfig
                0x080017d4       0xd0 build/stm32f4xx_hal_tim.o
                0x080017d4                TIM_TI1_SetConfig
 .text.TIM_TI1_ConfigInputStage
                0x080018a4       0x5e build/stm32f4xx_hal_tim.o
 .text.TIM_TI2_SetConfig
                0x08001902       0x7a build/stm32f4xx_hal_tim.o
 .text.TIM_TI2_ConfigInputStage
                0x0800197c       0x60 build/stm32f4xx_hal_tim.o
 .text.TIM_TI3_SetConfig
                0x080019dc       0x78 build/stm32f4xx_hal_tim.o
 .text.TIM_TI4_SetConfig
                0x08001a54       0x7a build/stm32f4xx_hal_tim.o
 .text.TIM_ITRx_SetConfig
                0x08001ace       0x36 build/stm32f4xx_hal_tim.o
 .text.TIM_ETR_SetConfig
                0x08001b04       0x40 build/stm32f4xx_hal_tim.o
                0x08001b04                TIM_ETR_SetConfig
 .text.TIM_CCxChannelCmd
                0x08001b44       0x4a build/stm32f4xx_hal_tim.o
                0x08001b44                TIM_CCxChannelCmd
 *fill*         0x08001b8e        0x2 
 .text.HAL_TIMEx_MasterConfigSynchronization
                0x08001b90       0xdc build/stm32f4xx_hal_tim_ex.o
                0x08001b90                HAL_TIMEx_MasterConfigSynchronization
 .text.HAL_TIMEx_CommutCallback
                0x08001c6c       0x14 build/stm32f4xx_hal_tim_ex.o
                0x08001c6c                HAL_TIMEx_CommutCallback
 .text.HAL_TIMEx_BreakCallback
                0x08001c80       0x14 build/stm32f4xx_hal_tim_ex.o
                0x08001c80                HAL_TIMEx_BreakCallback
 .text.HAL_RCC_OscConfig
                0x08001c94      0x4f0 build/stm32f4xx_hal_rcc.o
                0x08001c94                HAL_RCC_OscConfig
 .text.HAL_RCC_ClockConfig
                0x08002184      0x1cc build/stm32f4xx_hal_rcc.o
                0x08002184                HAL_RCC_ClockConfig
 .text.HAL_RCC_GetSysClockFreq
                0x08002350      0x18c build/stm32f4xx_hal_rcc.o
                0x08002350                HAL_RCC_GetSysClockFreq
 .text.HAL_GPIO_Init
                0x080024dc      0x308 build/stm32f4xx_hal_gpio.o
                0x080024dc                HAL_GPIO_Init
 .text.HAL_GPIO_ReadPin
                0x080027e4       0x30 build/stm32f4xx_hal_gpio.o
                0x080027e4                HAL_GPIO_ReadPin
 .text.HAL_GPIO_WritePin
                0x08002814       0x32 build/stm32f4xx_hal_gpio.o
                0x08002814                HAL_GPIO_WritePin
 *fill*         0x08002846        0x2 
 .text.__NVIC_SetPriorityGrouping
                0x08002848       0x48 build/stm32f4xx_hal_cortex.o
 .text.__NVIC_GetPriorityGrouping
                0x08002890       0x1c build/stm32f4xx_hal_cortex.o
 .text.__NVIC_EnableIRQ
                0x080028ac       0x3c build/stm32f4xx_hal_cortex.o
 .text.__NVIC_SetPriority
                0x080028e8       0x54 build/stm32f4xx_hal_cortex.o
 .text.NVIC_EncodePriority
                0x0800293c       0x66 build/stm32f4xx_hal_cortex.o
 *fill*         0x080029a2        0x2 
 .text.SysTick_Config
                0x080029a4       0x44 build/stm32f4xx_hal_cortex.o
 .text.HAL_NVIC_SetPriorityGrouping
                0x080029e8       0x16 build/stm32f4xx_hal_cortex.o
                0x080029e8                HAL_NVIC_SetPriorityGrouping
 .text.HAL_NVIC_SetPriority
                0x080029fe       0x38 build/stm32f4xx_hal_cortex.o
                0x080029fe                HAL_NVIC_SetPriority
 .text.HAL_NVIC_EnableIRQ
                0x08002a36       0x1c build/stm32f4xx_hal_cortex.o
                0x08002a36                HAL_NVIC_EnableIRQ
 .text.HAL_SYSTICK_Config
                0x08002a52       0x18 build/stm32f4xx_hal_cortex.o
                0x08002a52                HAL_SYSTICK_Config
 *fill*         0x08002a6a        0x2 
 .text.HAL_Init
                0x08002a6c       0x44 build/stm32f4xx_hal.o
                0x08002a6c                HAL_Init
 .text.HAL_InitTick
                0x08002ab0       0x60 build/stm32f4xx_hal.o
                0x08002ab0                HAL_InitTick
 .text.HAL_IncTick
                0x08002b10       0x28 build/stm32f4xx_hal.o
                0x08002b10                HAL_IncTick
 .text.HAL_GetTick
                0x08002b38       0x18 build/stm32f4xx_hal.o
                0x08002b38                HAL_GetTick
 .text.HAL_Delay
                0x08002b50       0x48 build/stm32f4xx_hal.o
                0x08002b50                HAL_Delay
 .text.SystemInit
                0x08002b98       0x24 build/system_stm32f4xx.o
                0x08002b98                SystemInit
 .text.Reset_Handler
                0x08002bbc       0x50 build/startup_stm32f411xe.o
                0x08002bbc                Reset_Handler
 .text.Default_Handler
                0x08002c0c        0x2 build/startup_stm32f411xe.o
                0x08002c0c                RTC_Alarm_IRQHandler
                0x08002c0c                EXTI2_IRQHandler
                0x08002c0c                SPI4_IRQHandler
                0x08002c0c                TIM1_CC_IRQHandler
                0x08002c0c                DMA2_Stream5_IRQHandler
                0x08002c0c                DMA1_Stream5_IRQHandler
                0x08002c0c                PVD_IRQHandler
                0x08002c0c                SDIO_IRQHandler
                0x08002c0c                TAMP_STAMP_IRQHandler
                0x08002c0c                EXTI3_IRQHandler
                0x08002c0c                TIM1_UP_TIM10_IRQHandler
                0x08002c0c                I2C3_ER_IRQHandler
                0x08002c0c                EXTI0_IRQHandler
                0x08002c0c                I2C2_EV_IRQHandler
                0x08002c0c                DMA1_Stream2_IRQHandler
                0x08002c0c                FPU_IRQHandler
                0x08002c0c                DMA2_Stream2_IRQHandler
                0x08002c0c                SPI1_IRQHandler
                0x08002c0c                TIM1_BRK_TIM9_IRQHandler
                0x08002c0c                DMA2_Stream3_IRQHandler
                0x08002c0c                USART6_IRQHandler
                0x08002c0c                DMA2_Stream0_IRQHandler
                0x08002c0c                I2C1_EV_IRQHandler
                0x08002c0c                DMA1_Stream6_IRQHandler
                0x08002c0c                DMA1_Stream1_IRQHandler
                0x08002c0c                TIM3_IRQHandler
                0x08002c0c                RCC_IRQHandler
                0x08002c0c                Default_Handler
                0x08002c0c                EXTI15_10_IRQHandler
                0x08002c0c                ADC_IRQHandler
                0x08002c0c                DMA1_Stream7_IRQHandler
                0x08002c0c                SPI5_IRQHandler
                0x08002c0c                TIM5_IRQHandler
                0x08002c0c                DMA2_Stream7_IRQHandler
                0x08002c0c                I2C3_EV_IRQHandler
                0x08002c0c                EXTI9_5_IRQHandler
                0x08002c0c                RTC_WKUP_IRQHandler
                0x08002c0c                SPI2_IRQHandler
                0x08002c0c                DMA1_Stream0_IRQHandler
                0x08002c0c                EXTI4_IRQHandler
                0x08002c0c                WWDG_IRQHandler
                0x08002c0c                TIM2_IRQHandler
                0x08002c0c                OTG_FS_WKUP_IRQHandler
                0x08002c0c                TIM1_TRG_COM_TIM11_IRQHandler
                0x08002c0c                EXTI1_IRQHandler
                0x08002c0c                USART2_IRQHandler
                0x08002c0c                I2C2_ER_IRQHandler
                0x08002c0c                DMA2_Stream1_IRQHandler
                0x08002c0c                FLASH_IRQHandler
                0x08002c0c                DMA2_Stream4_IRQHandler
                0x08002c0c                USART1_IRQHandler
                0x08002c0c                OTG_FS_IRQHandler
                0x08002c0c                SPI3_IRQHandler
                0x08002c0c                DMA1_Stream4_IRQHandler
                0x08002c0c                I2C1_ER_IRQHandler
                0x08002c0c                DMA2_Stream6_IRQHandler
                0x08002c0c                DMA1_Stream3_IRQHandler
 .text.memset   0x08002c0e       0x10 C:/ST/STM32CubeCLT_1.16.0/GNU-tools-for-STM32/bin/../lib/gcc/arm-none-eabi/12.3.1/../../../../arm-none-eabi/lib/thumb/v7e-m+fp/hard\libc_nano.a(libc_a-memset.o)
                0x08002c0e                memset
 *fill*         0x08002c1e        0x2 
 .text.__libc_init_array
                0x08002c20       0x48 C:/ST/STM32CubeCLT_1.16.0/GNU-tools-for-STM32/bin/../lib/gcc/arm-none-eabi/12.3.1/../../../../arm-none-eabi/lib/thumb/v7e-m+fp/hard\libc_nano.a(libc_a-init.o)
                0x08002c20                __libc_init_array
 *(.glue_7)
 .glue_7        0x08002c68        0x0 linker stubs
 *(.glue_7t)
 .glue_7t       0x08002c68        0x0 linker stubs
 *(.eh_frame)
 .eh_frame      0x08002c68        0x0 C:/ST/STM32CubeCLT_1.16.0/GNU-tools-for-STM32/bin/../lib/gcc/arm-none-eabi/12.3.1/thumb/v7e-m+fp/hard/crtbegin.o
 *(.init)
 .init          0x08002c68        0x4 C:/ST/STM32CubeCLT_1.16.0/GNU-tools-for-STM32/bin/../lib/gcc/arm-none-eabi/12.3.1/thumb/v7e-m+fp/hard/crti.o
                0x08002c68                _init
 .init          0x08002c6c        0x8 C:/ST/STM32CubeCLT_1.16.0/GNU-tools-for-STM32/bin/../lib/gcc/arm-none-eabi/12.3.1/thumb/v7e-m+fp/hard/crtn.o
 *(.fini)
 .fini          0x08002c74        0x4 C:/ST/STM32CubeCLT_1.16.0/GNU-tools-for-STM32/bin/../lib/gcc/arm-none-eabi/12.3.1/thumb/v7e-m+fp/hard/crti.o
                0x08002c74                _fini
 .fini          0x08002c78        0x8 C:/ST/STM32CubeCLT_1.16.0/GNU-tools-for-STM32/bin/../lib/gcc/arm-none-eabi/12.3.1/thumb/v7e-m+fp/hard/crtn.o
                0x08002c80                        . = ALIGN (0x4)
                0x08002c80                        _etext = .

.vfp11_veneer   0x08002c80        0x0
 .vfp11_veneer  0x08002c80        0x0 linker stubs

.v4_bx          0x08002c80        0x0
 .v4_bx         0x08002c80        0x0 linker stubs

.iplt           0x08002c80        0x0
 .iplt          0x08002c80        0x0 C:/ST/STM32CubeCLT_1.16.0/GNU-tools-for-STM32/bin/../lib/gcc/arm-none-eabi/12.3.1/thumb/v7e-m+fp/hard/crtbegin.o

.rodata         0x08002c80       0x10
                0x08002c80                        . = ALIGN (0x4)
 *(.rodata)
 *(.rodata*)
 .rodata.AHBPrescTable
                0x08002c80       0x10 build/system_stm32f4xx.o
                0x08002c80                AHBPrescTable
                0x08002c90                        . = ALIGN (0x4)

.ARM.extab
 *(.ARM.extab* .gnu.linkonce.armextab.*)

.ARM            0x08002c90        0x8
                0x08002c90                        __exidx_start = .
 *(.ARM.exidx*)
 .ARM.exidx     0x08002c90        0x8 C:/ST/STM32CubeCLT_1.16.0/GNU-tools-for-STM32/bin/../lib/gcc/arm-none-eabi/12.3.1/thumb/v7e-m+fp/hard\libgcc.a(_udivmoddi4.o)
                0x08002c98                        __exidx_end = .

.rel.dyn        0x08002c98        0x0
 .rel.iplt      0x08002c98        0x0 C:/ST/STM32CubeCLT_1.16.0/GNU-tools-for-STM32/bin/../lib/gcc/arm-none-eabi/12.3.1/thumb/v7e-m+fp/hard/crtbegin.o

.preinit_array  0x08002c98        0x0
                0x08002c98                        PROVIDE (__preinit_array_start = .)
 *(.preinit_array*)
                0x08002c98                        PROVIDE (__preinit_array_end = .)

.init_array     0x08002c98        0x4
                0x08002c98                        PROVIDE (__init_array_start = .)
 *(SORT_BY_NAME(.init_array.*))
 *(.init_array*)
 .init_array    0x08002c98        0x4 C:/ST/STM32CubeCLT_1.16.0/GNU-tools-for-STM32/bin/../lib/gcc/arm-none-eabi/12.3.1/thumb/v7e-m+fp/hard/crtbegin.o
                0x08002c9c                        PROVIDE (__init_array_end = .)

.fini_array     0x08002c9c        0x4
                [!provide]                        PROVIDE (__fini_array_start = .)
 *(SORT_BY_NAME(.fini_array.*))
 *(.fini_array*)
 .fini_array    0x08002c9c        0x4 C:/ST/STM32CubeCLT_1.16.0/GNU-tools-for-STM32/bin/../lib/gcc/arm-none-eabi/12.3.1/thumb/v7e-m+fp/hard/crtbegin.o
                [!provide]                        PROVIDE (__fini_array_end = .)
                0x08002ca0                        _sidata = LOADADDR (.data)

.data           0x20000000        0xc load address 0x08002ca0
                0x20000000                        . = ALIGN (0x4)
                0x20000000                        _sdata = .
 *(.data)
 *(.data*)
 .data.uwTickPrio
                0x20000000        0x4 build/stm32f4xx_hal.o
                0x20000000                uwTickPrio
 .data.uwTickFreq
                0x20000004        0x1 build/stm32f4xx_hal.o
                0x20000004                uwTickFreq
 *fill*         0x20000005        0x3 
 .data.SystemCoreClock
                0x20000008        0x4 build/system_stm32f4xx.o
                0x20000008                SystemCoreClock
                0x2000000c                        . = ALIGN (0x4)
                0x2000000c                        _edata = .

.igot.plt       0x2000000c        0x0 load address 0x08002cac
 .igot.plt      0x2000000c        0x0 C:/ST/STM32CubeCLT_1.16.0/GNU-tools-for-STM32/bin/../lib/gcc/arm-none-eabi/12.3.1/thumb/v7e-m+fp/hard/crtbegin.o
                0x2000000c                        . = ALIGN (0x4)

.bss            0x2000000c       0x6c load address 0x08002cac
                0x2000000c                        _sbss = .
                0x2000000c                        __bss_start__ = _sbss
 *(.bss)
 .bss           0x2000000c       0x1c C:/ST/STM32CubeCLT_1.16.0/GNU-tools-for-STM32/bin/../lib/gcc/arm-none-eabi/12.3.1/thumb/v7e-m+fp/hard/crtbegin.o
 *(.bss*)
 .bss.htim4     0x20000028       0x48 build/main.o
                0x20000028                htim4
 .bss.gElapsed  0x20000070        0x4 build/main.o
                0x20000070                gElapsed
 .bss.uwTick    0x20000074        0x4 build/stm32f4xx_hal.o
                0x20000074                uwTick
 *(COMMON)
                0x20000078                        . = ALIGN (0x4)
                0x20000078                        _ebss = .
                0x20000078                        __bss_end__ = _ebss

._user_heap_stack
                0x20000078      0x600 load address 0x08002cac
                0x20000078                        . = ALIGN (0x8)
                0x20000078                        PROVIDE (end = .)
                [!provide]                        PROVIDE (_end = .)
                0x20000278                        . = (. + _Min_Heap_Size)
 *fill*         0x20000078      0x200 
                0x20000678                        . = (. + _Min_Stack_Size)
 *fill*         0x20000278      0x400 
                0x20000678                        . = ALIGN (0x8)

/DISCARD/
 libc.a(*)
 libm.a(*)
 libgcc.a(*)

.ARM.attributes
                0x00000000       0x30
 *(.ARM.attributes)
 .ARM.attributes
                0x00000000       0x22 C:/ST/STM32CubeCLT_1.16.0/GNU-tools-for-STM32/bin/../lib/gcc/arm-none-eabi/12.3.1/thumb/v7e-m+fp/hard/crti.o
 .ARM.attributes
                0x00000022       0x34 C:/ST/STM32CubeCLT_1.16.0/GNU-tools-for-STM32/bin/../lib/gcc/arm-none-eabi/12.3.1/thumb/v7e-m+fp/hard/crtbegin.o
 .ARM.attributes
                0x00000056       0x34 build/main.o
 .ARM.attributes
                0x0000008a       0x34 build/stm32f4xx_it.o
 .ARM.attributes
                0x000000be       0x34 build/stm32f4xx_hal_msp.o
 .ARM.attributes
                0x000000f2       0x34 build/stm32f4xx_hal_tim.o
 .ARM.attributes
                0x00000126       0x34 build/stm32f4xx_hal_tim_ex.o
 .ARM.attributes
                0x0000015a       0x34 build/stm32f4xx_hal_rcc.o
 .ARM.attributes
                0x0000018e       0x34 build/stm32f4xx_hal_gpio.o
 .ARM.attributes
                0x000001c2       0x34 build/stm32f4xx_hal_cortex.o
 .ARM.attributes
                0x000001f6       0x34 build/stm32f4xx_hal.o
 .ARM.attributes
                0x0000022a       0x34 build/system_stm32f4xx.o
 .ARM.attributes
                0x0000025e       0x21 build/startup_stm32f411xe.o
 .ARM.attributes
                0x0000027f       0x34 C:/ST/STM32CubeCLT_1.16.0/GNU-tools-for-STM32/bin/../lib/gcc/arm-none-eabi/12.3.1/../../../../arm-none-eabi/lib/thumb/v7e-m+fp/hard\libc_nano.a(libc_a-memset.o)
 .ARM.attributes
                0x000002b3       0x34 C:/ST/STM32CubeCLT_1.16.0/GNU-tools-for-STM32/bin/../lib/gcc/arm-none-eabi/12.3.1/../../../../arm-none-eabi/lib/thumb/v7e-m+fp/hard\libc_nano.a(libc_a-init.o)
 .ARM.attributes
                0x000002e7       0x22 C:/ST/STM32CubeCLT_1.16.0/GNU-tools-for-STM32/bin/../lib/gcc/arm-none-eabi/12.3.1/thumb/v7e-m+fp/hard\libgcc.a(_aeabi_uldivmod.o)
 .ARM.attributes
                0x00000309       0x34 C:/ST/STM32CubeCLT_1.16.0/GNU-tools-for-STM32/bin/../lib/gcc/arm-none-eabi/12.3.1/thumb/v7e-m+fp/hard\libgcc.a(_udivmoddi4.o)
 .ARM.attributes
                0x0000033d       0x22 C:/ST/STM32CubeCLT_1.16.0/GNU-tools-for-STM32/bin/../lib/gcc/arm-none-eabi/12.3.1/thumb/v7e-m+fp/hard\libgcc.a(_dvmd_tls.o)
 .ARM.attributes
                0x0000035f       0x22 C:/ST/STM32CubeCLT_1.16.0/GNU-tools-for-STM32/bin/../lib/gcc/arm-none-eabi/12.3.1/thumb/v7e-m+fp/hard/crtn.o
OUTPUT(build/helloblackpillSTM32F411CEUx.elf elf32-littlearm)
LOAD linker stubs
LOAD C:/ST/STM32CubeCLT_1.16.0/GNU-tools-for-STM32/bin/../lib/gcc/arm-none-eabi/12.3.1/../../../../arm-none-eabi/lib/thumb/v7e-m+fp/hard\libc.a
LOAD C:/ST/STM32CubeCLT_1.16.0/GNU-tools-for-STM32/bin/../lib/gcc/arm-none-eabi/12.3.1/../../../../arm-none-eabi/lib/thumb/v7e-m+fp/hard\libm.a
LOAD C:/ST/STM32CubeCLT_1.16.0/GNU-tools-for-STM32/bin/../lib/gcc/arm-none-eabi/12.3.1/thumb/v7e-m+fp/hard\libgcc.a

.debug_info     0x00000000     0x9e6d
 .debug_info    0x00000000     0x1151 build/main.o
 .debug_info    0x00001151      0x7f1 build/stm32f4xx_it.o
 .debug_info    0x00001942      0xd7b build/stm32f4xx_hal_msp.o
 .debug_info    0x000026bd     0x2eeb build/stm32f4xx_hal_tim.o
 .debug_info    0x000055a8     0x177e build/stm32f4xx_hal_tim_ex.o
 .debug_info    0x00006d26      0xa7a build/stm32f4xx_hal_rcc.o
 .debug_info    0x000077a0      0x82c build/stm32f4xx_hal_gpio.o
 .debug_info    0x00007fcc      0xe9c build/stm32f4xx_hal_cortex.o
 .debug_info    0x00008e68      0xa07 build/stm32f4xx_hal.o
 .debug_info    0x0000986f      0x5ce build/system_stm32f4xx.o
 .debug_info    0x00009e3d       0x30 build/startup_stm32f411xe.o

.debug_abbrev   0x00000000     0x158b
 .debug_abbrev  0x00000000      0x283 build/main.o
 .debug_abbrev  0x00000283      0x194 build/stm32f4xx_it.o
 .debug_abbrev  0x00000417      0x1c4 build/stm32f4xx_hal_msp.o
 .debug_abbrev  0x000005db      0x26d build/stm32f4xx_hal_tim.o
 .debug_abbrev  0x00000848      0x275 build/stm32f4xx_hal_tim_ex.o
 .debug_abbrev  0x00000abd      0x2a9 build/stm32f4xx_hal_rcc.o
 .debug_abbrev  0x00000d66      0x1c3 build/stm32f4xx_hal_gpio.o
 .debug_abbrev  0x00000f29      0x2f3 build/stm32f4xx_hal_cortex.o
 .debug_abbrev  0x0000121c      0x23d build/stm32f4xx_hal.o
 .debug_abbrev  0x00001459      0x115 build/system_stm32f4xx.o
 .debug_abbrev  0x0000156e       0x1d build/startup_stm32f411xe.o

.debug_loc      0x00000000     0x5264
 .debug_loc     0x00000000      0x1a6 build/main.o
 .debug_loc     0x000001a6      0x200 build/stm32f4xx_it.o
 .debug_loc     0x000003a6       0xfc build/stm32f4xx_hal_msp.o
 .debug_loc     0x000004a2     0x27a0 build/stm32f4xx_hal_tim.o
 .debug_loc     0x00002c42      0xdc8 build/stm32f4xx_hal_tim_ex.o
 .debug_loc     0x00003a0a      0x3d2 build/stm32f4xx_hal_rcc.o
 .debug_loc     0x00003ddc      0x2d4 build/stm32f4xx_hal_gpio.o
 .debug_loc     0x000040b0      0x9f4 build/stm32f4xx_hal_cortex.o
 .debug_loc     0x00004aa4      0x720 build/stm32f4xx_hal.o
 .debug_loc     0x000051c4       0xa0 build/system_stm32f4xx.o

.debug_aranges  0x00000000      0x950
 .debug_aranges
                0x00000000       0x48 build/main.o
 .debug_aranges
                0x00000048       0x68 build/stm32f4xx_it.o
 .debug_aranges
                0x000000b0       0x30 build/stm32f4xx_hal_msp.o
 .debug_aranges
                0x000000e0      0x3d0 build/stm32f4xx_hal_tim.o
 .debug_aranges
                0x000004b0      0x168 build/stm32f4xx_hal_tim_ex.o
 .debug_aranges
                0x00000618       0x88 build/stm32f4xx_hal_rcc.o
 .debug_aranges
                0x000006a0       0x58 build/stm32f4xx_hal_gpio.o
 .debug_aranges
                0x000006f8      0x118 build/stm32f4xx_hal_cortex.o
 .debug_aranges
                0x00000810       0xf0 build/stm32f4xx_hal.o
 .debug_aranges
                0x00000900       0x28 build/system_stm32f4xx.o
 .debug_aranges
                0x00000928       0x28 build/startup_stm32f411xe.o

.debug_ranges   0x00000000      0x8a8
 .debug_ranges  0x00000000       0x38 build/main.o
 .debug_ranges  0x00000038       0x58 build/stm32f4xx_it.o
 .debug_ranges  0x00000090       0x20 build/stm32f4xx_hal_msp.o
 .debug_ranges  0x000000b0      0x3c0 build/stm32f4xx_hal_tim.o
 .debug_ranges  0x00000470      0x158 build/stm32f4xx_hal_tim_ex.o
 .debug_ranges  0x000005c8       0x78 build/stm32f4xx_hal_rcc.o
 .debug_ranges  0x00000640       0x48 build/stm32f4xx_hal_gpio.o
 .debug_ranges  0x00000688      0x108 build/stm32f4xx_hal_cortex.o
 .debug_ranges  0x00000790       0xe0 build/stm32f4xx_hal.o
 .debug_ranges  0x00000870       0x18 build/system_stm32f4xx.o
 .debug_ranges  0x00000888       0x20 build/startup_stm32f411xe.o

.debug_line     0x00000000     0x6db0
 .debug_line    0x00000000      0x46b build/main.o
 .debug_line    0x0000046b      0x2e7 build/stm32f4xx_it.o
 .debug_line    0x00000752      0x28d build/stm32f4xx_hal_msp.o
 .debug_line    0x000009df     0x300a build/stm32f4xx_hal_tim.o
 .debug_line    0x000039e9     0x14be build/stm32f4xx_hal_tim_ex.o
 .debug_line    0x00004ea7      0x8c7 build/stm32f4xx_hal_rcc.o
 .debug_line    0x0000576e      0x64c build/stm32f4xx_hal_gpio.o
 .debug_line    0x00005dba      0x7c7 build/stm32f4xx_hal_cortex.o
 .debug_line    0x00006581      0x54b build/stm32f4xx_hal.o
 .debug_line    0x00006acc      0x26e build/system_stm32f4xx.o
 .debug_line    0x00006d3a       0x76 build/startup_stm32f411xe.o

.debug_str      0x00000000     0x2e84
 .debug_str     0x00000000      0xb6f build/main.o
                                0xc54 (size before relaxing)
 .debug_str     0x00000b6f       0xd7 build/stm32f4xx_it.o
                                0x74d (size before relaxing)
 .debug_str     0x00000c46      0x44b build/stm32f4xx_hal_msp.o
                                0xc6c (size before relaxing)
 .debug_str     0x00001091      0xe06 build/stm32f4xx_hal_tim.o
                               0x16af (size before relaxing)
 .debug_str     0x00001e97      0x4eb build/stm32f4xx_hal_tim_ex.o
                                0xecb (size before relaxing)
 .debug_str     0x00002382      0x21e build/stm32f4xx_hal_rcc.o
                                0x6c7 (size before relaxing)
 .debug_str     0x000025a0      0x106 build/stm32f4xx_hal_gpio.o
                                0x4b2 (size before relaxing)
 .debug_str     0x000026a6      0x4d0 build/stm32f4xx_hal_cortex.o
                                0xa94 (size before relaxing)
 .debug_str     0x00002b76      0x295 build/stm32f4xx_hal.o
                                0x9de (size before relaxing)
 .debug_str     0x00002e0b       0x47 build/system_stm32f4xx.o
                                0x347 (size before relaxing)
 .debug_str     0x00002e52       0x32 build/startup_stm32f411xe.o
                                 0x42 (size before relaxing)

.comment        0x00000000       0x43
 .comment       0x00000000       0x43 build/main.o
                                 0x44 (size before relaxing)
 .comment       0x00000043       0x44 build/stm32f4xx_it.o
 .comment       0x00000043       0x44 build/stm32f4xx_hal_msp.o
 .comment       0x00000043       0x44 build/stm32f4xx_hal_tim.o
 .comment       0x00000043       0x44 build/stm32f4xx_hal_tim_ex.o
 .comment       0x00000043       0x44 build/stm32f4xx_hal_rcc.o
 .comment       0x00000043       0x44 build/stm32f4xx_hal_gpio.o
 .comment       0x00000043       0x44 build/stm32f4xx_hal_cortex.o
 .comment       0x00000043       0x44 build/stm32f4xx_hal.o
 .comment       0x00000043       0x44 build/system_stm32f4xx.o

.debug_frame    0x00000000     0x26bc
 .debug_frame   0x00000000       0xd8 build/main.o
 .debug_frame   0x000000d8      0x120 build/stm32f4xx_it.o
 .debug_frame   0x000001f8       0x80 build/stm32f4xx_hal_msp.o
 .debug_frame   0x00000278     0x11bc build/stm32f4xx_hal_tim.o
 .debug_frame   0x00001434      0x638 build/stm32f4xx_hal_tim_ex.o
 .debug_frame   0x00001a6c      0x1f4 build/stm32f4xx_hal_rcc.o
 .debug_frame   0x00001c60      0x14c build/stm32f4xx_hal_gpio.o
 .debug_frame   0x00001dac      0x498 build/stm32f4xx_hal_cortex.o
 .debug_frame   0x00002244      0x374 build/stm32f4xx_hal.o
 .debug_frame   0x000025b8       0x58 build/system_stm32f4xx.o
 .debug_frame   0x00002610       0x20 C:/ST/STM32CubeCLT_1.16.0/GNU-tools-for-STM32/bin/../lib/gcc/arm-none-eabi/12.3.1/../../../../arm-none-eabi/lib/thumb/v7e-m+fp/hard\libc_nano.a(libc_a-memset.o)
 .debug_frame   0x00002630       0x2c C:/ST/STM32CubeCLT_1.16.0/GNU-tools-for-STM32/bin/../lib/gcc/arm-none-eabi/12.3.1/../../../../arm-none-eabi/lib/thumb/v7e-m+fp/hard\libc_nano.a(libc_a-init.o)
 .debug_frame   0x0000265c       0x2c C:/ST/STM32CubeCLT_1.16.0/GNU-tools-for-STM32/bin/../lib/gcc/arm-none-eabi/12.3.1/thumb/v7e-m+fp/hard\libgcc.a(_aeabi_uldivmod.o)
 .debug_frame   0x00002688       0x34 C:/ST/STM32CubeCLT_1.16.0/GNU-tools-for-STM32/bin/../lib/gcc/arm-none-eabi/12.3.1/thumb/v7e-m+fp/hard\libgcc.a(_udivmoddi4.o)

Cross Reference Table

Symbol                                            File
ADC_IRQHandler                                    build/startup_stm32f411xe.o
AHBPrescTable                                     build/system_stm32f4xx.o
                                                  build/stm32f4xx_hal_rcc.o
APBPrescTable                                     build/system_stm32f4xx.o
                                                  build/stm32f4xx_hal_rcc.o
BusFault_Handler                                  build/stm32f4xx_it.o
DMA1_Stream0_IRQHandler                           build/startup_stm32f411xe.o
DMA1_Stream1_IRQHandler                           build/startup_stm32f411xe.o
DMA1_Stream2_IRQHandler                           build/startup_stm32f411xe.o
DMA1_Stream3_IRQHandler                           build/startup_stm32f411xe.o
DMA1_Stream4_IRQHandler                           build/startup_stm32f411xe.o
DMA1_Stream5_IRQHandler                           build/startup_stm32f411xe.o
DMA1_Stream6_IRQHandler                           build/startup_stm32f411xe.o
DMA1_Stream7_IRQHandler                           build/startup_stm32f411xe.o
DMA2_Stream0_IRQHandler                           build/startup_stm32f411xe.o
DMA2_Stream1_IRQHandler                           build/startup_stm32f411xe.o
DMA2_Stream2_IRQHandler                           build/startup_stm32f411xe.o
DMA2_Stream3_IRQHandler                           build/startup_stm32f411xe.o
DMA2_Stream4_IRQHandler                           build/startup_stm32f411xe.o
DMA2_Stream5_IRQHandler                           build/startup_stm32f411xe.o
DMA2_Stream6_IRQHandler                           build/startup_stm32f411xe.o
DMA2_Stream7_IRQHandler                           build/startup_stm32f411xe.o
DebugMon_Handler                                  build/stm32f4xx_it.o
Default_Handler                                   build/startup_stm32f411xe.o
EXTI0_IRQHandler                                  build/startup_stm32f411xe.o
EXTI15_10_IRQHandler                              build/startup_stm32f411xe.o
EXTI1_IRQHandler                                  build/startup_stm32f411xe.o
EXTI2_IRQHandler                                  build/startup_stm32f411xe.o
EXTI3_IRQHandler                                  build/startup_stm32f411xe.o
EXTI4_IRQHandler                                  build/startup_stm32f411xe.o
EXTI9_5_IRQHandler                                build/startup_stm32f411xe.o
Error_Handler                                     build/main.o
FLASH_Erase_Sector                                build/stm32f4xx_hal_flash_ex.o
                                                  build/stm32f4xx_hal_flash.o
FLASH_FlushCaches                                 build/stm32f4xx_hal_flash_ex.o
                                                  build/stm32f4xx_hal_flash.o
FLASH_IRQHandler                                  build/startup_stm32f411xe.o
FLASH_WaitForLastOperation                        build/stm32f4xx_hal_flash.o
                                                  build/stm32f4xx_hal_flash_ex.o
FPU_IRQHandler                                    build/startup_stm32f411xe.o
HAL_DBGMCU_DisableDBGSleepMode                    build/stm32f4xx_hal.o
HAL_DBGMCU_DisableDBGStandbyMode                  build/stm32f4xx_hal.o
HAL_DBGMCU_DisableDBGStopMode                     build/stm32f4xx_hal.o
HAL_DBGMCU_EnableDBGSleepMode                     build/stm32f4xx_hal.o
HAL_DBGMCU_EnableDBGStandbyMode                   build/stm32f4xx_hal.o
HAL_DBGMCU_EnableDBGStopMode                      build/stm32f4xx_hal.o
HAL_DMAEx_ChangeMemory                            build/stm32f4xx_hal_dma_ex.o
HAL_DMAEx_MultiBufferStart                        build/stm32f4xx_hal_dma_ex.o
HAL_DMAEx_MultiBufferStart_IT                     build/stm32f4xx_hal_dma_ex.o
HAL_DMA_Abort                                     build/stm32f4xx_hal_dma.o
HAL_DMA_Abort_IT                                  build/stm32f4xx_hal_dma.o
                                                  build/stm32f4xx_hal_tim_ex.o
                                                  build/stm32f4xx_hal_tim.o
HAL_DMA_DeInit                                    build/stm32f4xx_hal_dma.o
HAL_DMA_GetError                                  build/stm32f4xx_hal_dma.o
HAL_DMA_GetState                                  build/stm32f4xx_hal_dma.o
HAL_DMA_IRQHandler                                build/stm32f4xx_hal_dma.o
HAL_DMA_Init                                      build/stm32f4xx_hal_dma.o
HAL_DMA_PollForTransfer                           build/stm32f4xx_hal_dma.o
HAL_DMA_RegisterCallback                          build/stm32f4xx_hal_dma.o
HAL_DMA_Start                                     build/stm32f4xx_hal_dma.o
HAL_DMA_Start_IT                                  build/stm32f4xx_hal_dma.o
                                                  build/stm32f4xx_hal_tim_ex.o
                                                  build/stm32f4xx_hal_tim.o
HAL_DMA_UnRegisterCallback                        build/stm32f4xx_hal_dma.o
HAL_DeInit                                        build/stm32f4xx_hal.o
HAL_Delay                                         build/stm32f4xx_hal.o
                                                  build/main.o
HAL_DisableCompensationCell                       build/stm32f4xx_hal.o
HAL_EXTI_ClearConfigLine                          build/stm32f4xx_hal_exti.o
HAL_EXTI_ClearPending                             build/stm32f4xx_hal_exti.o
HAL_EXTI_GenerateSWI                              build/stm32f4xx_hal_exti.o
HAL_EXTI_GetConfigLine                            build/stm32f4xx_hal_exti.o
HAL_EXTI_GetHandle                                build/stm32f4xx_hal_exti.o
HAL_EXTI_GetPending                               build/stm32f4xx_hal_exti.o
HAL_EXTI_IRQHandler                               build/stm32f4xx_hal_exti.o
HAL_EXTI_RegisterCallback                         build/stm32f4xx_hal_exti.o
HAL_EXTI_SetConfigLine                            build/stm32f4xx_hal_exti.o
HAL_EnableCompensationCell                        build/stm32f4xx_hal.o
HAL_FLASHEx_AdvOBGetConfig                        build/stm32f4xx_hal_flash_ex.o
HAL_FLASHEx_AdvOBProgram                          build/stm32f4xx_hal_flash_ex.o
HAL_FLASHEx_DisableFlashSleepMode                 build/stm32f4xx_hal_flash_ramfunc.o
HAL_FLASHEx_EnableFlashSleepMode                  build/stm32f4xx_hal_flash_ramfunc.o
HAL_FLASHEx_Erase                                 build/stm32f4xx_hal_flash_ex.o
HAL_FLASHEx_Erase_IT                              build/stm32f4xx_hal_flash_ex.o
HAL_FLASHEx_OBGetConfig                           build/stm32f4xx_hal_flash_ex.o
HAL_FLASHEx_OBProgram                             build/stm32f4xx_hal_flash_ex.o
HAL_FLASHEx_OB_DeSelectPCROP                      build/stm32f4xx_hal_flash_ex.o
HAL_FLASHEx_OB_SelectPCROP                        build/stm32f4xx_hal_flash_ex.o
HAL_FLASHEx_StartFlashInterfaceClk                build/stm32f4xx_hal_flash_ramfunc.o
HAL_FLASHEx_StopFlashInterfaceClk                 build/stm32f4xx_hal_flash_ramfunc.o
HAL_FLASH_EndOfOperationCallback                  build/stm32f4xx_hal_flash.o
HAL_FLASH_GetError                                build/stm32f4xx_hal_flash.o
HAL_FLASH_IRQHandler                              build/stm32f4xx_hal_flash.o
HAL_FLASH_Lock                                    build/stm32f4xx_hal_flash.o
HAL_FLASH_OB_Launch                               build/stm32f4xx_hal_flash.o
HAL_FLASH_OB_Lock                                 build/stm32f4xx_hal_flash.o
HAL_FLASH_OB_Unlock                               build/stm32f4xx_hal_flash.o
HAL_FLASH_OperationErrorCallback                  build/stm32f4xx_hal_flash.o
HAL_FLASH_Program                                 build/stm32f4xx_hal_flash.o
HAL_FLASH_Program_IT                              build/stm32f4xx_hal_flash.o
HAL_FLASH_Unlock                                  build/stm32f4xx_hal_flash.o
HAL_GPIO_DeInit                                   build/stm32f4xx_hal_gpio.o
                                                  build/stm32f4xx_hal_msp.o
HAL_GPIO_EXTI_Callback                            build/stm32f4xx_hal_gpio.o
HAL_GPIO_EXTI_IRQHandler                          build/stm32f4xx_hal_gpio.o
HAL_GPIO_Init                                     build/stm32f4xx_hal_gpio.o
                                                  build/stm32f4xx_hal_rcc.o
                                                  build/stm32f4xx_hal_msp.o
                                                  build/main.o
HAL_GPIO_LockPin                                  build/stm32f4xx_hal_gpio.o
HAL_GPIO_ReadPin                                  build/stm32f4xx_hal_gpio.o
                                                  build/main.o
HAL_GPIO_TogglePin                                build/stm32f4xx_hal_gpio.o
HAL_GPIO_WritePin                                 build/stm32f4xx_hal_gpio.o
                                                  build/main.o
HAL_GetDEVID                                      build/stm32f4xx_hal.o
HAL_GetHalVersion                                 build/stm32f4xx_hal.o
HAL_GetREVID                                      build/stm32f4xx_hal.o
HAL_GetTick                                       build/stm32f4xx_hal.o
                                                  build/stm32f4xx_hal_pwr_ex.o
                                                  build/stm32f4xx_hal_dma.o
                                                  build/stm32f4xx_hal_flash.o
                                                  build/stm32f4xx_hal_rcc_ex.o
                                                  build/stm32f4xx_hal_rcc.o
HAL_GetTickFreq                                   build/stm32f4xx_hal.o
HAL_GetTickPrio                                   build/stm32f4xx_hal.o
HAL_GetUIDw0                                      build/stm32f4xx_hal.o
HAL_GetUIDw1                                      build/stm32f4xx_hal.o
HAL_GetUIDw2                                      build/stm32f4xx_hal.o
HAL_IncTick                                       build/stm32f4xx_hal.o
                                                  build/stm32f4xx_it.o
HAL_Init                                          build/stm32f4xx_hal.o
                                                  build/main.o
HAL_InitTick                                      build/stm32f4xx_hal.o
                                                  build/stm32f4xx_hal_rcc_ex.o
                                                  build/stm32f4xx_hal_rcc.o
HAL_MPU_ConfigRegion                              build/stm32f4xx_hal_cortex.o
HAL_MPU_Disable                                   build/stm32f4xx_hal_cortex.o
HAL_MPU_Enable                                    build/stm32f4xx_hal_cortex.o
HAL_MspDeInit                                     build/stm32f4xx_hal.o
HAL_MspInit                                       build/stm32f4xx_hal_msp.o
HAL_NVIC_ClearPendingIRQ                          build/stm32f4xx_hal_cortex.o
HAL_NVIC_DisableIRQ                               build/stm32f4xx_hal_cortex.o
                                                  build/stm32f4xx_hal_msp.o
HAL_NVIC_EnableIRQ                                build/stm32f4xx_hal_cortex.o
                                                  build/stm32f4xx_hal_msp.o
HAL_NVIC_GetActive                                build/stm32f4xx_hal_cortex.o
HAL_NVIC_GetPendingIRQ                            build/stm32f4xx_hal_cortex.o
HAL_NVIC_GetPriority                              build/stm32f4xx_hal_cortex.o
HAL_NVIC_GetPriorityGrouping                      build/stm32f4xx_hal_cortex.o
HAL_NVIC_SetPendingIRQ                            build/stm32f4xx_hal_cortex.o
HAL_NVIC_SetPriority                              build/stm32f4xx_hal_cortex.o
                                                  build/stm32f4xx_hal.o
                                                  build/stm32f4xx_hal_msp.o
HAL_NVIC_SetPriorityGrouping                      build/stm32f4xx_hal_cortex.o
                                                  build/stm32f4xx_hal.o
HAL_NVIC_SystemReset                              build/stm32f4xx_hal_cortex.o
HAL_PWREx_ControlVoltageScaling                   build/stm32f4xx_hal_pwr_ex.o
HAL_PWREx_DisableBkUpReg                          build/stm32f4xx_hal_pwr_ex.o
HAL_PWREx_DisableFlashPowerDown                   build/stm32f4xx_hal_pwr_ex.o
HAL_PWREx_DisableLowRegulatorLowVoltage           build/stm32f4xx_hal_pwr_ex.o
HAL_PWREx_DisableMainRegulatorLowVoltage          build/stm32f4xx_hal_pwr_ex.o
HAL_PWREx_EnableBkUpReg                           build/stm32f4xx_hal_pwr_ex.o
HAL_PWREx_EnableFlashPowerDown                    build/stm32f4xx_hal_pwr_ex.o
HAL_PWREx_EnableLowRegulatorLowVoltage            build/stm32f4xx_hal_pwr_ex.o
HAL_PWREx_EnableMainRegulatorLowVoltage           build/stm32f4xx_hal_pwr_ex.o
HAL_PWREx_GetVoltageRange                         build/stm32f4xx_hal_pwr_ex.o
HAL_PWR_ConfigPVD                                 build/stm32f4xx_hal_pwr.o
HAL_PWR_DeInit                                    build/stm32f4xx_hal_pwr.o
HAL_PWR_DisableBkUpAccess                         build/stm32f4xx_hal_pwr.o
HAL_PWR_DisablePVD                                build/stm32f4xx_hal_pwr.o
HAL_PWR_DisableSEVOnPend                          build/stm32f4xx_hal_pwr.o
HAL_PWR_DisableSleepOnExit                        build/stm32f4xx_hal_pwr.o
HAL_PWR_DisableWakeUpPin                          build/stm32f4xx_hal_pwr.o
HAL_PWR_EnableBkUpAccess                          build/stm32f4xx_hal_pwr.o
HAL_PWR_EnablePVD                                 build/stm32f4xx_hal_pwr.o
HAL_PWR_EnableSEVOnPend                           build/stm32f4xx_hal_pwr.o
HAL_PWR_EnableSleepOnExit                         build/stm32f4xx_hal_pwr.o
HAL_PWR_EnableWakeUpPin                           build/stm32f4xx_hal_pwr.o
HAL_PWR_EnterSLEEPMode                            build/stm32f4xx_hal_pwr.o
HAL_PWR_EnterSTANDBYMode                          build/stm32f4xx_hal_pwr.o
HAL_PWR_EnterSTOPMode                             build/stm32f4xx_hal_pwr.o
HAL_PWR_PVDCallback                               build/stm32f4xx_hal_pwr.o
HAL_PWR_PVD_IRQHandler                            build/stm32f4xx_hal_pwr.o
HAL_RCCEx_DisablePLLI2S                           build/stm32f4xx_hal_rcc_ex.o
HAL_RCCEx_EnablePLLI2S                            build/stm32f4xx_hal_rcc_ex.o
HAL_RCCEx_GetPeriphCLKConfig                      build/stm32f4xx_hal_rcc_ex.o
HAL_RCCEx_GetPeriphCLKFreq                        build/stm32f4xx_hal_rcc_ex.o
HAL_RCCEx_PeriphCLKConfig                         build/stm32f4xx_hal_rcc_ex.o
HAL_RCCEx_SelectLSEMode                           build/stm32f4xx_hal_rcc_ex.o
HAL_RCC_CSSCallback                               build/stm32f4xx_hal_rcc.o
HAL_RCC_ClockConfig                               build/stm32f4xx_hal_rcc.o
                                                  build/main.o
HAL_RCC_DeInit                                    build/stm32f4xx_hal_rcc_ex.o
                                                  build/stm32f4xx_hal_rcc.o
HAL_RCC_DisableCSS                                build/stm32f4xx_hal_rcc.o
HAL_RCC_EnableCSS                                 build/stm32f4xx_hal_rcc.o
HAL_RCC_GetClockConfig                            build/stm32f4xx_hal_rcc.o
HAL_RCC_GetHCLKFreq                               build/stm32f4xx_hal_rcc.o
HAL_RCC_GetOscConfig                              build/stm32f4xx_hal_rcc.o
HAL_RCC_GetPCLK1Freq                              build/stm32f4xx_hal_rcc.o
HAL_RCC_GetPCLK2Freq                              build/stm32f4xx_hal_rcc.o
HAL_RCC_GetSysClockFreq                           build/stm32f4xx_hal_rcc.o
HAL_RCC_MCOConfig                                 build/stm32f4xx_hal_rcc.o
HAL_RCC_NMI_IRQHandler                            build/stm32f4xx_hal_rcc.o
HAL_RCC_OscConfig                                 build/stm32f4xx_hal_rcc.o
                                                  build/main.o
HAL_ResumeTick                                    build/stm32f4xx_hal.o
HAL_SYSTICK_CLKSourceConfig                       build/stm32f4xx_hal_cortex.o
HAL_SYSTICK_Callback                              build/stm32f4xx_hal_cortex.o
HAL_SYSTICK_Config                                build/stm32f4xx_hal_cortex.o
                                                  build/stm32f4xx_hal.o
HAL_SYSTICK_IRQHandler                            build/stm32f4xx_hal_cortex.o
HAL_SetTickFreq                                   build/stm32f4xx_hal.o
HAL_SuspendTick                                   build/stm32f4xx_hal.o
HAL_TIMEx_BreakCallback                           build/stm32f4xx_hal_tim_ex.o
                                                  build/stm32f4xx_hal_tim.o
HAL_TIMEx_CommutCallback                          build/stm32f4xx_hal_tim_ex.o
                                                  build/stm32f4xx_hal_tim.o
HAL_TIMEx_CommutHalfCpltCallback                  build/stm32f4xx_hal_tim_ex.o
HAL_TIMEx_ConfigBreakDeadTime                     build/stm32f4xx_hal_tim_ex.o
HAL_TIMEx_ConfigCommutEvent                       build/stm32f4xx_hal_tim_ex.o
HAL_TIMEx_ConfigCommutEvent_DMA                   build/stm32f4xx_hal_tim_ex.o
HAL_TIMEx_ConfigCommutEvent_IT                    build/stm32f4xx_hal_tim_ex.o
HAL_TIMEx_GetChannelNState                        build/stm32f4xx_hal_tim_ex.o
HAL_TIMEx_HallSensor_DeInit                       build/stm32f4xx_hal_tim_ex.o
HAL_TIMEx_HallSensor_GetState                     build/stm32f4xx_hal_tim_ex.o
HAL_TIMEx_HallSensor_Init                         build/stm32f4xx_hal_tim_ex.o
HAL_TIMEx_HallSensor_MspDeInit                    build/stm32f4xx_hal_tim_ex.o
HAL_TIMEx_HallSensor_MspInit                      build/stm32f4xx_hal_tim_ex.o
HAL_TIMEx_HallSensor_Start                        build/stm32f4xx_hal_tim_ex.o
HAL_TIMEx_HallSensor_Start_DMA                    build/stm32f4xx_hal_tim_ex.o
HAL_TIMEx_HallSensor_Start_IT                     build/stm32f4xx_hal_tim_ex.o
HAL_TIMEx_HallSensor_Stop                         build/stm32f4xx_hal_tim_ex.o
HAL_TIMEx_HallSensor_Stop_DMA                     build/stm32f4xx_hal_tim_ex.o
HAL_TIMEx_HallSensor_Stop_IT                      build/stm32f4xx_hal_tim_ex.o
HAL_TIMEx_MasterConfigSynchronization             build/stm32f4xx_hal_tim_ex.o
                                                  build/main.o
HAL_TIMEx_OCN_Start                               build/stm32f4xx_hal_tim_ex.o
HAL_TIMEx_OCN_Start_DMA                           build/stm32f4xx_hal_tim_ex.o
HAL_TIMEx_OCN_Start_IT                            build/stm32f4xx_hal_tim_ex.o
HAL_TIMEx_OCN_Stop                                build/stm32f4xx_hal_tim_ex.o
HAL_TIMEx_OCN_Stop_DMA                            build/stm32f4xx_hal_tim_ex.o
HAL_TIMEx_OCN_Stop_IT                             build/stm32f4xx_hal_tim_ex.o
HAL_TIMEx_OnePulseN_Start                         build/stm32f4xx_hal_tim_ex.o
HAL_TIMEx_OnePulseN_Start_IT                      build/stm32f4xx_hal_tim_ex.o
HAL_TIMEx_OnePulseN_Stop                          build/stm32f4xx_hal_tim_ex.o
HAL_TIMEx_OnePulseN_Stop_IT                       build/stm32f4xx_hal_tim_ex.o
HAL_TIMEx_PWMN_Start                              build/stm32f4xx_hal_tim_ex.o
HAL_TIMEx_PWMN_Start_DMA                          build/stm32f4xx_hal_tim_ex.o
HAL_TIMEx_PWMN_Start_IT                           build/stm32f4xx_hal_tim_ex.o
HAL_TIMEx_PWMN_Stop                               build/stm32f4xx_hal_tim_ex.o
HAL_TIMEx_PWMN_Stop_DMA                           build/stm32f4xx_hal_tim_ex.o
HAL_TIMEx_PWMN_Stop_IT                            build/stm32f4xx_hal_tim_ex.o
HAL_TIMEx_RemapConfig                             build/stm32f4xx_hal_tim_ex.o
HAL_TIM_Base_DeInit                               build/stm32f4xx_hal_tim.o
HAL_TIM_Base_GetState                             build/stm32f4xx_hal_tim.o
HAL_TIM_Base_Init                                 build/stm32f4xx_hal_tim.o
                                                  build/main.o
HAL_TIM_Base_MspDeInit                            build/stm32f4xx_hal_msp.o
HAL_TIM_Base_MspInit                              build/stm32f4xx_hal_msp.o
HAL_TIM_Base_Start                                build/stm32f4xx_hal_tim.o
HAL_TIM_Base_Start_DMA                            build/stm32f4xx_hal_tim.o
HAL_TIM_Base_Start_IT                             build/stm32f4xx_hal_tim.o
HAL_TIM_Base_Stop                                 build/stm32f4xx_hal_tim.o
HAL_TIM_Base_Stop_DMA                             build/stm32f4xx_hal_tim.o
HAL_TIM_Base_Stop_IT                              build/stm32f4xx_hal_tim.o
HAL_TIM_ConfigClockSource                         build/stm32f4xx_hal_tim.o
                                                  build/main.o
HAL_TIM_ConfigOCrefClear                          build/stm32f4xx_hal_tim.o
HAL_TIM_ConfigTI1Input                            build/stm32f4xx_hal_tim.o
HAL_TIM_DMABurstState                             build/stm32f4xx_hal_tim.o
HAL_TIM_DMABurst_MultiReadStart                   build/stm32f4xx_hal_tim.o
HAL_TIM_DMABurst_MultiWriteStart                  build/stm32f4xx_hal_tim.o
HAL_TIM_DMABurst_ReadStart                        build/stm32f4xx_hal_tim.o
HAL_TIM_DMABurst_ReadStop                         build/stm32f4xx_hal_tim.o
HAL_TIM_DMABurst_WriteStart                       build/stm32f4xx_hal_tim.o
HAL_TIM_DMABurst_WriteStop                        build/stm32f4xx_hal_tim.o
HAL_TIM_Encoder_DeInit                            build/stm32f4xx_hal_tim.o
HAL_TIM_Encoder_GetState                          build/stm32f4xx_hal_tim.o
HAL_TIM_Encoder_Init                              build/stm32f4xx_hal_tim.o
HAL_TIM_Encoder_MspDeInit                         build/stm32f4xx_hal_tim.o
HAL_TIM_Encoder_MspInit                           build/stm32f4xx_hal_tim.o
HAL_TIM_Encoder_Start                             build/stm32f4xx_hal_tim.o
HAL_TIM_Encoder_Start_DMA                         build/stm32f4xx_hal_tim.o
HAL_TIM_Encoder_Start_IT                          build/stm32f4xx_hal_tim.o
HAL_TIM_Encoder_Stop                              build/stm32f4xx_hal_tim.o
HAL_TIM_Encoder_Stop_DMA                          build/stm32f4xx_hal_tim.o
HAL_TIM_Encoder_Stop_IT                           build/stm32f4xx_hal_tim.o
HAL_TIM_ErrorCallback                             build/stm32f4xx_hal_tim.o
                                                  build/stm32f4xx_hal_tim_ex.o
HAL_TIM_GenerateEvent                             build/stm32f4xx_hal_tim.o
HAL_TIM_GetActiveChannel                          build/stm32f4xx_hal_tim.o
HAL_TIM_GetChannelState                           build/stm32f4xx_hal_tim.o
HAL_TIM_IC_CaptureCallback                        build/main.o
HAL_TIM_IC_CaptureHalfCpltCallback                build/stm32f4xx_hal_tim.o
HAL_TIM_IC_ConfigChannel                          build/stm32f4xx_hal_tim.o
                                                  build/main.o
HAL_TIM_IC_DeInit                                 build/stm32f4xx_hal_tim.o
HAL_TIM_IC_GetState                               build/stm32f4xx_hal_tim.o
HAL_TIM_IC_Init                                   build/stm32f4xx_hal_tim.o
                                                  build/main.o
HAL_TIM_IC_MspDeInit                              build/stm32f4xx_hal_tim.o
HAL_TIM_IC_MspInit                                build/stm32f4xx_hal_tim.o
HAL_TIM_IC_Start                                  build/stm32f4xx_hal_tim.o
                                                  build/main.o
HAL_TIM_IC_Start_DMA                              build/stm32f4xx_hal_tim.o
HAL_TIM_IC_Start_IT                               build/stm32f4xx_hal_tim.o
                                                  build/main.o
HAL_TIM_IC_Stop                                   build/stm32f4xx_hal_tim.o
                                                  build/main.o
HAL_TIM_IC_Stop_DMA                               build/stm32f4xx_hal_tim.o
HAL_TIM_IC_Stop_IT                                build/stm32f4xx_hal_tim.o
                                                  build/main.o
HAL_TIM_IRQHandler                                build/stm32f4xx_hal_tim.o
                                                  build/stm32f4xx_it.o
HAL_TIM_OC_ConfigChannel                          build/stm32f4xx_hal_tim.o
HAL_TIM_OC_DeInit                                 build/stm32f4xx_hal_tim.o
HAL_TIM_OC_DelayElapsedCallback                   build/stm32f4xx_hal_tim.o
HAL_TIM_OC_GetState                               build/stm32f4xx_hal_tim.o
HAL_TIM_OC_Init                                   build/stm32f4xx_hal_tim.o
HAL_TIM_OC_MspDeInit                              build/stm32f4xx_hal_tim.o
HAL_TIM_OC_MspInit                                build/stm32f4xx_hal_tim.o
HAL_TIM_OC_Start                                  build/stm32f4xx_hal_tim.o
HAL_TIM_OC_Start_DMA                              build/stm32f4xx_hal_tim.o
HAL_TIM_OC_Start_IT                               build/stm32f4xx_hal_tim.o
HAL_TIM_OC_Stop                                   build/stm32f4xx_hal_tim.o
HAL_TIM_OC_Stop_DMA                               build/stm32f4xx_hal_tim.o
HAL_TIM_OC_Stop_IT                                build/stm32f4xx_hal_tim.o
HAL_TIM_OnePulse_ConfigChannel                    build/stm32f4xx_hal_tim.o
HAL_TIM_OnePulse_DeInit                           build/stm32f4xx_hal_tim.o
HAL_TIM_OnePulse_GetState                         build/stm32f4xx_hal_tim.o
HAL_TIM_OnePulse_Init                             build/stm32f4xx_hal_tim.o
HAL_TIM_OnePulse_MspDeInit                        build/stm32f4xx_hal_tim.o
HAL_TIM_OnePulse_MspInit                          build/stm32f4xx_hal_tim.o
HAL_TIM_OnePulse_Start                            build/stm32f4xx_hal_tim.o
HAL_TIM_OnePulse_Start_IT                         build/stm32f4xx_hal_tim.o
HAL_TIM_OnePulse_Stop                             build/stm32f4xx_hal_tim.o
HAL_TIM_OnePulse_Stop_IT                          build/stm32f4xx_hal_tim.o
HAL_TIM_PWM_ConfigChannel                         build/stm32f4xx_hal_tim.o
HAL_TIM_PWM_DeInit                                build/stm32f4xx_hal_tim.o
HAL_TIM_PWM_GetState                              build/stm32f4xx_hal_tim.o
HAL_TIM_PWM_Init                                  build/stm32f4xx_hal_tim.o
HAL_TIM_PWM_MspDeInit                             build/stm32f4xx_hal_tim.o
HAL_TIM_PWM_MspInit                               build/stm32f4xx_hal_tim.o
HAL_TIM_PWM_PulseFinishedCallback                 build/stm32f4xx_hal_tim.o
                                                  build/stm32f4xx_hal_tim_ex.o
HAL_TIM_PWM_PulseFinishedHalfCpltCallback         build/stm32f4xx_hal_tim.o
HAL_TIM_PWM_Start                                 build/stm32f4xx_hal_tim.o
HAL_TIM_PWM_Start_DMA                             build/stm32f4xx_hal_tim.o
HAL_TIM_PWM_Start_IT                              build/stm32f4xx_hal_tim.o
HAL_TIM_PWM_Stop                                  build/stm32f4xx_hal_tim.o
HAL_TIM_PWM_Stop_DMA                              build/stm32f4xx_hal_tim.o
HAL_TIM_PWM_Stop_IT                               build/stm32f4xx_hal_tim.o
HAL_TIM_PeriodElapsedCallback                     build/stm32f4xx_hal_tim.o
HAL_TIM_PeriodElapsedHalfCpltCallback             build/stm32f4xx_hal_tim.o
HAL_TIM_ReadCapturedValue                         build/stm32f4xx_hal_tim.o
HAL_TIM_SlaveConfigSynchro                        build/stm32f4xx_hal_tim.o
HAL_TIM_SlaveConfigSynchro_IT                     build/stm32f4xx_hal_tim.o
HAL_TIM_TriggerCallback                           build/stm32f4xx_hal_tim.o
HAL_TIM_TriggerHalfCpltCallback                   build/stm32f4xx_hal_tim.o
HardFault_Handler                                 build/stm32f4xx_it.o
I2C1_ER_IRQHandler                                build/startup_stm32f411xe.o
I2C1_EV_IRQHandler                                build/startup_stm32f411xe.o
I2C2_ER_IRQHandler                                build/startup_stm32f411xe.o
I2C2_EV_IRQHandler                                build/startup_stm32f411xe.o
I2C3_ER_IRQHandler                                build/startup_stm32f411xe.o
I2C3_EV_IRQHandler                                build/startup_stm32f411xe.o
MemManage_Handler                                 build/stm32f4xx_it.o
NMI_Handler                                       build/stm32f4xx_it.o
OTG_FS_IRQHandler                                 build/startup_stm32f411xe.o
OTG_FS_WKUP_IRQHandler                            build/startup_stm32f411xe.o
PVD_IRQHandler                                    build/startup_stm32f411xe.o
PendSV_Handler                                    build/stm32f4xx_it.o
RCC_IRQHandler                                    build/startup_stm32f411xe.o
RTC_Alarm_IRQHandler                              build/startup_stm32f411xe.o
RTC_WKUP_IRQHandler                               build/startup_stm32f411xe.o
Reset_Handler                                     build/startup_stm32f411xe.o
SDIO_IRQHandler                                   build/startup_stm32f411xe.o
SPI1_IRQHandler                                   build/startup_stm32f411xe.o
SPI2_IRQHandler                                   build/startup_stm32f411xe.o
SPI3_IRQHandler                                   build/startup_stm32f411xe.o
SPI4_IRQHandler                                   build/startup_stm32f411xe.o
SPI5_IRQHandler                                   build/startup_stm32f411xe.o
SVC_Handler                                       build/stm32f4xx_it.o
SysTick_Handler                                   build/stm32f4xx_it.o
SystemClock_Config                                build/main.o
SystemCoreClock                                   build/system_stm32f4xx.o
                                                  build/stm32f4xx_hal.o
                                                  build/stm32f4xx_hal_dma.o
                                                  build/stm32f4xx_hal_rcc_ex.o
                                                  build/stm32f4xx_hal_rcc.o
SystemCoreClockUpdate                             build/system_stm32f4xx.o
SystemInit                                        build/system_stm32f4xx.o
                                                  build/startup_stm32f411xe.o
TAMP_STAMP_IRQHandler                             build/startup_stm32f411xe.o
TIM1_BRK_TIM9_IRQHandler                          build/startup_stm32f411xe.o
TIM1_CC_IRQHandler                                build/startup_stm32f411xe.o
TIM1_TRG_COM_TIM11_IRQHandler                     build/startup_stm32f411xe.o
TIM1_UP_TIM10_IRQHandler                          build/startup_stm32f411xe.o
TIM2_IRQHandler                                   build/startup_stm32f411xe.o
TIM3_IRQHandler                                   build/startup_stm32f411xe.o
TIM4_IRQHandler                                   build/stm32f4xx_it.o
TIM5_IRQHandler                                   build/startup_stm32f411xe.o
TIMEx_DMACommutationCplt                          build/stm32f4xx_hal_tim_ex.o
                                                  build/stm32f4xx_hal_tim.o
TIMEx_DMACommutationHalfCplt                      build/stm32f4xx_hal_tim_ex.o
                                                  build/stm32f4xx_hal_tim.o
TIM_Base_SetConfig                                build/stm32f4xx_hal_tim.o
                                                  build/stm32f4xx_hal_tim_ex.o
TIM_CCxChannelCmd                                 build/stm32f4xx_hal_tim.o
                                                  build/stm32f4xx_hal_tim_ex.o
TIM_DMACaptureCplt                                build/stm32f4xx_hal_tim.o
                                                  build/stm32f4xx_hal_tim_ex.o
TIM_DMACaptureHalfCplt                            build/stm32f4xx_hal_tim.o
                                                  build/stm32f4xx_hal_tim_ex.o
TIM_DMADelayPulseHalfCplt                         build/stm32f4xx_hal_tim.o
                                                  build/stm32f4xx_hal_tim_ex.o
TIM_DMAError                                      build/stm32f4xx_hal_tim.o
                                                  build/stm32f4xx_hal_tim_ex.o
TIM_ETR_SetConfig                                 build/stm32f4xx_hal_tim.o
TIM_OC2_SetConfig                                 build/stm32f4xx_hal_tim.o
                                                  build/stm32f4xx_hal_tim_ex.o
TIM_TI1_SetConfig                                 build/stm32f4xx_hal_tim.o
                                                  build/stm32f4xx_hal_tim_ex.o
USART1_IRQHandler                                 build/startup_stm32f411xe.o
USART2_IRQHandler                                 build/startup_stm32f411xe.o
USART6_IRQHandler                                 build/startup_stm32f411xe.o
UsageFault_Handler                                build/stm32f4xx_it.o
WWDG_IRQHandler                                   build/startup_stm32f411xe.o
__aeabi_idiv0                                     C:/ST/STM32CubeCLT_1.16.0/GNU-tools-for-STM32/bin/../lib/gcc/arm-none-eabi/12.3.1/thumb/v7e-m+fp/hard\libgcc.a(_dvmd_tls.o)
__aeabi_ldiv0                                     C:/ST/STM32CubeCLT_1.16.0/GNU-tools-for-STM32/bin/../lib/gcc/arm-none-eabi/12.3.1/thumb/v7e-m+fp/hard\libgcc.a(_dvmd_tls.o)
                                                  C:/ST/STM32CubeCLT_1.16.0/GNU-tools-for-STM32/bin/../lib/gcc/arm-none-eabi/12.3.1/thumb/v7e-m+fp/hard\libgcc.a(_aeabi_uldivmod.o)
__aeabi_uldivmod                                  C:/ST/STM32CubeCLT_1.16.0/GNU-tools-for-STM32/bin/../lib/gcc/arm-none-eabi/12.3.1/thumb/v7e-m+fp/hard\libgcc.a(_aeabi_uldivmod.o)
                                                  build/stm32f4xx_hal_rcc.o
__bss_end__                                       C:/ST/STM32CubeCLT_1.16.0/GNU-tools-for-STM32/bin/../lib/gcc/arm-none-eabi/12.3.1/../../../../arm-none-eabi/lib/thumb/v7e-m+fp/hard/crt0.o
__bss_start__                                     C:/ST/STM32CubeCLT_1.16.0/GNU-tools-for-STM32/bin/../lib/gcc/arm-none-eabi/12.3.1/../../../../arm-none-eabi/lib/thumb/v7e-m+fp/hard/crt0.o
__call_exitprocs                                  C:/ST/STM32CubeCLT_1.16.0/GNU-tools-for-STM32/bin/../lib/gcc/arm-none-eabi/12.3.1/../../../../arm-none-eabi/lib/thumb/v7e-m+fp/hard\libc_nano.a(libc_a-exit.o)
__deregister_frame_info                           C:/ST/STM32CubeCLT_1.16.0/GNU-tools-for-STM32/bin/../lib/gcc/arm-none-eabi/12.3.1/thumb/v7e-m+fp/hard/crtbegin.o
__dso_handle                                      C:/ST/STM32CubeCLT_1.16.0/GNU-tools-for-STM32/bin/../lib/gcc/arm-none-eabi/12.3.1/thumb/v7e-m+fp/hard/crtbegin.o
__fp_lock_all                                     C:/ST/STM32CubeCLT_1.16.0/GNU-tools-for-STM32/bin/../lib/gcc/arm-none-eabi/12.3.1/../../../../arm-none-eabi/lib/thumb/v7e-m+fp/hard\libc_nano.a(libc_a-findfp.o)
__fp_unlock_all                                   C:/ST/STM32CubeCLT_1.16.0/GNU-tools-for-STM32/bin/../lib/gcc/arm-none-eabi/12.3.1/../../../../arm-none-eabi/lib/thumb/v7e-m+fp/hard\libc_nano.a(libc_a-findfp.o)
__init_array_end                                  C:/ST/STM32CubeCLT_1.16.0/GNU-tools-for-STM32/bin/../lib/gcc/arm-none-eabi/12.3.1/../../../../arm-none-eabi/lib/thumb/v7e-m+fp/hard\libc_nano.a(libc_a-init.o)
__init_array_start                                C:/ST/STM32CubeCLT_1.16.0/GNU-tools-for-STM32/bin/../lib/gcc/arm-none-eabi/12.3.1/../../../../arm-none-eabi/lib/thumb/v7e-m+fp/hard\libc_nano.a(libc_a-init.o)
__libc_fini_array                                 C:/ST/STM32CubeCLT_1.16.0/GNU-tools-for-STM32/bin/../lib/gcc/arm-none-eabi/12.3.1/../../../../arm-none-eabi/lib/thumb/v7e-m+fp/hard/crt0.o
__libc_init_array                                 C:/ST/STM32CubeCLT_1.16.0/GNU-tools-for-STM32/bin/../lib/gcc/arm-none-eabi/12.3.1/../../../../arm-none-eabi/lib/thumb/v7e-m+fp/hard\libc_nano.a(libc_a-init.o)
                                                  build/startup_stm32f411xe.o
                                                  C:/ST/STM32CubeCLT_1.16.0/GNU-tools-for-STM32/bin/../lib/gcc/arm-none-eabi/12.3.1/../../../../arm-none-eabi/lib/thumb/v7e-m+fp/hard/crt0.o
__lock___arc4random_mutex                         C:/ST/STM32CubeCLT_1.16.0/GNU-tools-for-STM32/bin/../lib/gcc/arm-none-eabi/12.3.1/../../../../arm-none-eabi/lib/thumb/v7e-m+fp/hard\libc_nano.a(libc_a-lock.o)
__lock___at_quick_exit_mutex                      C:/ST/STM32CubeCLT_1.16.0/GNU-tools-for-STM32/bin/../lib/gcc/arm-none-eabi/12.3.1/../../../../arm-none-eabi/lib/thumb/v7e-m+fp/hard\libc_nano.a(libc_a-lock.o)
__lock___atexit_recursive_mutex                   C:/ST/STM32CubeCLT_1.16.0/GNU-tools-for-STM32/bin/../lib/gcc/arm-none-eabi/12.3.1/../../../../arm-none-eabi/lib/thumb/v7e-m+fp/hard\libc_nano.a(libc_a-lock.o)
__lock___dd_hash_mutex                            C:/ST/STM32CubeCLT_1.16.0/GNU-tools-for-STM32/bin/../lib/gcc/arm-none-eabi/12.3.1/../../../../arm-none-eabi/lib/thumb/v7e-m+fp/hard\libc_nano.a(libc_a-lock.o)
__lock___env_recursive_mutex                      C:/ST/STM32CubeCLT_1.16.0/GNU-tools-for-STM32/bin/../lib/gcc/arm-none-eabi/12.3.1/../../../../arm-none-eabi/lib/thumb/v7e-m+fp/hard\libc_nano.a(libc_a-lock.o)
__lock___malloc_recursive_mutex                   C:/ST/STM32CubeCLT_1.16.0/GNU-tools-for-STM32/bin/../lib/gcc/arm-none-eabi/12.3.1/../../../../arm-none-eabi/lib/thumb/v7e-m+fp/hard\libc_nano.a(libc_a-lock.o)
                                                  C:/ST/STM32CubeCLT_1.16.0/GNU-tools-for-STM32/bin/../lib/gcc/arm-none-eabi/12.3.1/../../../../arm-none-eabi/lib/thumb/v7e-m+fp/hard\libc_nano.a(libc_a-mlock.o)
__lock___sfp_recursive_mutex                      C:/ST/STM32CubeCLT_1.16.0/GNU-tools-for-STM32/bin/../lib/gcc/arm-none-eabi/12.3.1/../../../../arm-none-eabi/lib/thumb/v7e-m+fp/hard\libc_nano.a(libc_a-lock.o)
                                                  C:/ST/STM32CubeCLT_1.16.0/GNU-tools-for-STM32/bin/../lib/gcc/arm-none-eabi/12.3.1/../../../../arm-none-eabi/lib/thumb/v7e-m+fp/hard\libc_nano.a(libc_a-findfp.o)
__lock___tz_mutex                                 C:/ST/STM32CubeCLT_1.16.0/GNU-tools-for-STM32/bin/../lib/gcc/arm-none-eabi/12.3.1/../../../../arm-none-eabi/lib/thumb/v7e-m+fp/hard\libc_nano.a(libc_a-lock.o)
__malloc_free_list                                C:/ST/STM32CubeCLT_1.16.0/GNU-tools-for-STM32/bin/../lib/gcc/arm-none-eabi/12.3.1/../../../../arm-none-eabi/lib/thumb/v7e-m+fp/hard\libc_nano.a(libc_a-mallocr.o)
                                                  C:/ST/STM32CubeCLT_1.16.0/GNU-tools-for-STM32/bin/../lib/gcc/arm-none-eabi/12.3.1/../../../../arm-none-eabi/lib/thumb/v7e-m+fp/hard\libc_nano.a(libc_a-freer.o)
__malloc_lock                                     C:/ST/STM32CubeCLT_1.16.0/GNU-tools-for-STM32/bin/../lib/gcc/arm-none-eabi/12.3.1/../../../../arm-none-eabi/lib/thumb/v7e-m+fp/hard\libc_nano.a(libc_a-mlock.o)
                                                  C:/ST/STM32CubeCLT_1.16.0/GNU-tools-for-STM32/bin/../lib/gcc/arm-none-eabi/12.3.1/../../../../arm-none-eabi/lib/thumb/v7e-m+fp/hard\libc_nano.a(libc_a-mallocr.o)
                                                  C:/ST/STM32CubeCLT_1.16.0/GNU-tools-for-STM32/bin/../lib/gcc/arm-none-eabi/12.3.1/../../../../arm-none-eabi/lib/thumb/v7e-m+fp/hard\libc_nano.a(libc_a-freer.o)
__malloc_sbrk_start                               C:/ST/STM32CubeCLT_1.16.0/GNU-tools-for-STM32/bin/../lib/gcc/arm-none-eabi/12.3.1/../../../../arm-none-eabi/lib/thumb/v7e-m+fp/hard\libc_nano.a(libc_a-mallocr.o)
__malloc_unlock                                   C:/ST/STM32CubeCLT_1.16.0/GNU-tools-for-STM32/bin/../lib/gcc/arm-none-eabi/12.3.1/../../../../arm-none-eabi/lib/thumb/v7e-m+fp/hard\libc_nano.a(libc_a-mlock.o)
                                                  C:/ST/STM32CubeCLT_1.16.0/GNU-tools-for-STM32/bin/../lib/gcc/arm-none-eabi/12.3.1/../../../../arm-none-eabi/lib/thumb/v7e-m+fp/hard\libc_nano.a(libc_a-mallocr.o)
                                                  C:/ST/STM32CubeCLT_1.16.0/GNU-tools-for-STM32/bin/../lib/gcc/arm-none-eabi/12.3.1/../../../../arm-none-eabi/lib/thumb/v7e-m+fp/hard\libc_nano.a(libc_a-freer.o)
__preinit_array_end                               C:/ST/STM32CubeCLT_1.16.0/GNU-tools-for-STM32/bin/../lib/gcc/arm-none-eabi/12.3.1/../../../../arm-none-eabi/lib/thumb/v7e-m+fp/hard\libc_nano.a(libc_a-init.o)
__preinit_array_start                             C:/ST/STM32CubeCLT_1.16.0/GNU-tools-for-STM32/bin/../lib/gcc/arm-none-eabi/12.3.1/../../../../arm-none-eabi/lib/thumb/v7e-m+fp/hard\libc_nano.a(libc_a-init.o)
__register_frame_info                             C:/ST/STM32CubeCLT_1.16.0/GNU-tools-for-STM32/bin/../lib/gcc/arm-none-eabi/12.3.1/thumb/v7e-m+fp/hard/crtbegin.o
__retarget_lock_acquire                           C:/ST/STM32CubeCLT_1.16.0/GNU-tools-for-STM32/bin/../lib/gcc/arm-none-eabi/12.3.1/../../../../arm-none-eabi/lib/thumb/v7e-m+fp/hard\libc_nano.a(libc_a-lock.o)
__retarget_lock_acquire_recursive                 C:/ST/STM32CubeCLT_1.16.0/GNU-tools-for-STM32/bin/../lib/gcc/arm-none-eabi/12.3.1/../../../../arm-none-eabi/lib/thumb/v7e-m+fp/hard\libc_nano.a(libc_a-lock.o)
                                                  C:/ST/STM32CubeCLT_1.16.0/GNU-tools-for-STM32/bin/../lib/gcc/arm-none-eabi/12.3.1/../../../../arm-none-eabi/lib/thumb/v7e-m+fp/hard\libc_nano.a(libc_a-fflush.o)
                                                  C:/ST/STM32CubeCLT_1.16.0/GNU-tools-for-STM32/bin/../lib/gcc/arm-none-eabi/12.3.1/../../../../arm-none-eabi/lib/thumb/v7e-m+fp/hard\libc_nano.a(libc_a-mlock.o)
                                                  C:/ST/STM32CubeCLT_1.16.0/GNU-tools-for-STM32/bin/../lib/gcc/arm-none-eabi/12.3.1/../../../../arm-none-eabi/lib/thumb/v7e-m+fp/hard\libc_nano.a(libc_a-findfp.o)
__retarget_lock_close                             C:/ST/STM32CubeCLT_1.16.0/GNU-tools-for-STM32/bin/../lib/gcc/arm-none-eabi/12.3.1/../../../../arm-none-eabi/lib/thumb/v7e-m+fp/hard\libc_nano.a(libc_a-lock.o)
__retarget_lock_close_recursive                   C:/ST/STM32CubeCLT_1.16.0/GNU-tools-for-STM32/bin/../lib/gcc/arm-none-eabi/12.3.1/../../../../arm-none-eabi/lib/thumb/v7e-m+fp/hard\libc_nano.a(libc_a-lock.o)
__retarget_lock_init                              C:/ST/STM32CubeCLT_1.16.0/GNU-tools-for-STM32/bin/../lib/gcc/arm-none-eabi/12.3.1/../../../../arm-none-eabi/lib/thumb/v7e-m+fp/hard\libc_nano.a(libc_a-lock.o)
__retarget_lock_init_recursive                    C:/ST/STM32CubeCLT_1.16.0/GNU-tools-for-STM32/bin/../lib/gcc/arm-none-eabi/12.3.1/../../../../arm-none-eabi/lib/thumb/v7e-m+fp/hard\libc_nano.a(libc_a-lock.o)
                                                  C:/ST/STM32CubeCLT_1.16.0/GNU-tools-for-STM32/bin/../lib/gcc/arm-none-eabi/12.3.1/../../../../arm-none-eabi/lib/thumb/v7e-m+fp/hard\libc_nano.a(libc_a-findfp.o)
__retarget_lock_release                           C:/ST/STM32CubeCLT_1.16.0/GNU-tools-for-STM32/bin/../lib/gcc/arm-none-eabi/12.3.1/../../../../arm-none-eabi/lib/thumb/v7e-m+fp/hard\libc_nano.a(libc_a-lock.o)
__retarget_lock_release_recursive                 C:/ST/STM32CubeCLT_1.16.0/GNU-tools-for-STM32/bin/../lib/gcc/arm-none-eabi/12.3.1/../../../../arm-none-eabi/lib/thumb/v7e-m+fp/hard\libc_nano.a(libc_a-lock.o)
                                                  C:/ST/STM32CubeCLT_1.16.0/GNU-tools-for-STM32/bin/../lib/gcc/arm-none-eabi/12.3.1/../../../../arm-none-eabi/lib/thumb/v7e-m+fp/hard\libc_nano.a(libc_a-fflush.o)
                                                  C:/ST/STM32CubeCLT_1.16.0/GNU-tools-for-STM32/bin/../lib/gcc/arm-none-eabi/12.3.1/../../../../arm-none-eabi/lib/thumb/v7e-m+fp/hard\libc_nano.a(libc_a-mlock.o)
                                                  C:/ST/STM32CubeCLT_1.16.0/GNU-tools-for-STM32/bin/../lib/gcc/arm-none-eabi/12.3.1/../../../../arm-none-eabi/lib/thumb/v7e-m+fp/hard\libc_nano.a(libc_a-findfp.o)
__retarget_lock_try_acquire                       C:/ST/STM32CubeCLT_1.16.0/GNU-tools-for-STM32/bin/../lib/gcc/arm-none-eabi/12.3.1/../../../../arm-none-eabi/lib/thumb/v7e-m+fp/hard\libc_nano.a(libc_a-lock.o)
__retarget_lock_try_acquire_recursive             C:/ST/STM32CubeCLT_1.16.0/GNU-tools-for-STM32/bin/../lib/gcc/arm-none-eabi/12.3.1/../../../../arm-none-eabi/lib/thumb/v7e-m+fp/hard\libc_nano.a(libc_a-lock.o)
__sclose                                          C:/ST/STM32CubeCLT_1.16.0/GNU-tools-for-STM32/bin/../lib/gcc/arm-none-eabi/12.3.1/../../../../arm-none-eabi/lib/thumb/v7e-m+fp/hard\libc_nano.a(libc_a-stdio.o)
                                                  C:/ST/STM32CubeCLT_1.16.0/GNU-tools-for-STM32/bin/../lib/gcc/arm-none-eabi/12.3.1/../../../../arm-none-eabi/lib/thumb/v7e-m+fp/hard\libc_nano.a(libc_a-findfp.o)
__seofread                                        C:/ST/STM32CubeCLT_1.16.0/GNU-tools-for-STM32/bin/../lib/gcc/arm-none-eabi/12.3.1/../../../../arm-none-eabi/lib/thumb/v7e-m+fp/hard\libc_nano.a(libc_a-stdio.o)
__sf                                              C:/ST/STM32CubeCLT_1.16.0/GNU-tools-for-STM32/bin/../lib/gcc/arm-none-eabi/12.3.1/../../../../arm-none-eabi/lib/thumb/v7e-m+fp/hard\libc_nano.a(libc_a-findfp.o)
                                                  C:/ST/STM32CubeCLT_1.16.0/GNU-tools-for-STM32/bin/../lib/gcc/arm-none-eabi/12.3.1/../../../../arm-none-eabi/lib/thumb/v7e-m+fp/hard\libc_nano.a(libc_a-impure.o)
__sflush_r                                        C:/ST/STM32CubeCLT_1.16.0/GNU-tools-for-STM32/bin/../lib/gcc/arm-none-eabi/12.3.1/../../../../arm-none-eabi/lib/thumb/v7e-m+fp/hard\libc_nano.a(libc_a-fflush.o)
__sfp                                             C:/ST/STM32CubeCLT_1.16.0/GNU-tools-for-STM32/bin/../lib/gcc/arm-none-eabi/12.3.1/../../../../arm-none-eabi/lib/thumb/v7e-m+fp/hard\libc_nano.a(libc_a-findfp.o)
__sfp_lock_acquire                                C:/ST/STM32CubeCLT_1.16.0/GNU-tools-for-STM32/bin/../lib/gcc/arm-none-eabi/12.3.1/../../../../arm-none-eabi/lib/thumb/v7e-m+fp/hard\libc_nano.a(libc_a-findfp.o)
__sfp_lock_release                                C:/ST/STM32CubeCLT_1.16.0/GNU-tools-for-STM32/bin/../lib/gcc/arm-none-eabi/12.3.1/../../../../arm-none-eabi/lib/thumb/v7e-m+fp/hard\libc_nano.a(libc_a-findfp.o)
__sglue                                           C:/ST/STM32CubeCLT_1.16.0/GNU-tools-for-STM32/bin/../lib/gcc/arm-none-eabi/12.3.1/../../../../arm-none-eabi/lib/thumb/v7e-m+fp/hard\libc_nano.a(libc_a-findfp.o)
                                                  C:/ST/STM32CubeCLT_1.16.0/GNU-tools-for-STM32/bin/../lib/gcc/arm-none-eabi/12.3.1/../../../../arm-none-eabi/lib/thumb/v7e-m+fp/hard\libc_nano.a(libc_a-fflush.o)
__sinit                                           C:/ST/STM32CubeCLT_1.16.0/GNU-tools-for-STM32/bin/../lib/gcc/arm-none-eabi/12.3.1/../../../../arm-none-eabi/lib/thumb/v7e-m+fp/hard\libc_nano.a(libc_a-findfp.o)
                                                  C:/ST/STM32CubeCLT_1.16.0/GNU-tools-for-STM32/bin/../lib/gcc/arm-none-eabi/12.3.1/../../../../arm-none-eabi/lib/thumb/v7e-m+fp/hard\libc_nano.a(libc_a-fflush.o)
__sread                                           C:/ST/STM32CubeCLT_1.16.0/GNU-tools-for-STM32/bin/../lib/gcc/arm-none-eabi/12.3.1/../../../../arm-none-eabi/lib/thumb/v7e-m+fp/hard\libc_nano.a(libc_a-stdio.o)
                                                  C:/ST/STM32CubeCLT_1.16.0/GNU-tools-for-STM32/bin/../lib/gcc/arm-none-eabi/12.3.1/../../../../arm-none-eabi/lib/thumb/v7e-m+fp/hard\libc_nano.a(libc_a-findfp.o)
__sseek                                           C:/ST/STM32CubeCLT_1.16.0/GNU-tools-for-STM32/bin/../lib/gcc/arm-none-eabi/12.3.1/../../../../arm-none-eabi/lib/thumb/v7e-m+fp/hard\libc_nano.a(libc_a-stdio.o)
                                                  C:/ST/STM32CubeCLT_1.16.0/GNU-tools-for-STM32/bin/../lib/gcc/arm-none-eabi/12.3.1/../../../../arm-none-eabi/lib/thumb/v7e-m+fp/hard\libc_nano.a(libc_a-findfp.o)
__stack                                           C:/ST/STM32CubeCLT_1.16.0/GNU-tools-for-STM32/bin/../lib/gcc/arm-none-eabi/12.3.1/../../../../arm-none-eabi/lib/thumb/v7e-m+fp/hard/crt0.o
__stdio_exit_handler                              C:/ST/STM32CubeCLT_1.16.0/GNU-tools-for-STM32/bin/../lib/gcc/arm-none-eabi/12.3.1/../../../../arm-none-eabi/lib/thumb/v7e-m+fp/hard\libc_nano.a(libc_a-findfp.o)
                                                  C:/ST/STM32CubeCLT_1.16.0/GNU-tools-for-STM32/bin/../lib/gcc/arm-none-eabi/12.3.1/../../../../arm-none-eabi/lib/thumb/v7e-m+fp/hard\libc_nano.a(libc_a-exit.o)
__swrite                                          C:/ST/STM32CubeCLT_1.16.0/GNU-tools-for-STM32/bin/../lib/gcc/arm-none-eabi/12.3.1/../../../../arm-none-eabi/lib/thumb/v7e-m+fp/hard\libc_nano.a(libc_a-stdio.o)
                                                  C:/ST/STM32CubeCLT_1.16.0/GNU-tools-for-STM32/bin/../lib/gcc/arm-none-eabi/12.3.1/../../../../arm-none-eabi/lib/thumb/v7e-m+fp/hard\libc_nano.a(libc_a-findfp.o)
__udivmoddi4                                      C:/ST/STM32CubeCLT_1.16.0/GNU-tools-for-STM32/bin/../lib/gcc/arm-none-eabi/12.3.1/thumb/v7e-m+fp/hard\libgcc.a(_udivmoddi4.o)
                                                  C:/ST/STM32CubeCLT_1.16.0/GNU-tools-for-STM32/bin/../lib/gcc/arm-none-eabi/12.3.1/thumb/v7e-m+fp/hard\libgcc.a(_aeabi_uldivmod.o)
_close                                            C:/ST/STM32CubeCLT_1.16.0/GNU-tools-for-STM32/bin/../lib/gcc/arm-none-eabi/12.3.1/../../../../arm-none-eabi/lib/thumb/v7e-m+fp/hard\libnosys.a(close.o)
                                                  C:/ST/STM32CubeCLT_1.16.0/GNU-tools-for-STM32/bin/../lib/gcc/arm-none-eabi/12.3.1/../../../../arm-none-eabi/lib/thumb/v7e-m+fp/hard\libc_nano.a(libc_a-closer.o)
_close_r                                          C:/ST/STM32CubeCLT_1.16.0/GNU-tools-for-STM32/bin/../lib/gcc/arm-none-eabi/12.3.1/../../../../arm-none-eabi/lib/thumb/v7e-m+fp/hard\libc_nano.a(libc_a-closer.o)
                                                  C:/ST/STM32CubeCLT_1.16.0/GNU-tools-for-STM32/bin/../lib/gcc/arm-none-eabi/12.3.1/../../../../arm-none-eabi/lib/thumb/v7e-m+fp/hard\libc_nano.a(libc_a-stdio.o)
_ebss                                             build/startup_stm32f411xe.o
_edata                                            build/startup_stm32f411xe.o
_estack                                           build/startup_stm32f411xe.o
_exit                                             C:/ST/STM32CubeCLT_1.16.0/GNU-tools-for-STM32/bin/../lib/gcc/arm-none-eabi/12.3.1/../../../../arm-none-eabi/lib/thumb/v7e-m+fp/hard\libnosys.a(_exit.o)
                                                  C:/ST/STM32CubeCLT_1.16.0/GNU-tools-for-STM32/bin/../lib/gcc/arm-none-eabi/12.3.1/../../../../arm-none-eabi/lib/thumb/v7e-m+fp/hard\libc_nano.a(libc_a-exit.o)
_fflush_r                                         C:/ST/STM32CubeCLT_1.16.0/GNU-tools-for-STM32/bin/../lib/gcc/arm-none-eabi/12.3.1/../../../../arm-none-eabi/lib/thumb/v7e-m+fp/hard\libc_nano.a(libc_a-fflush.o)
                                                  C:/ST/STM32CubeCLT_1.16.0/GNU-tools-for-STM32/bin/../lib/gcc/arm-none-eabi/12.3.1/../../../../arm-none-eabi/lib/thumb/v7e-m+fp/hard\libc_nano.a(libc_a-findfp.o)
_fini                                             C:/ST/STM32CubeCLT_1.16.0/GNU-tools-for-STM32/bin/../lib/gcc/arm-none-eabi/12.3.1/thumb/v7e-m+fp/hard/crti.o
_free_r                                           C:/ST/STM32CubeCLT_1.16.0/GNU-tools-for-STM32/bin/../lib/gcc/arm-none-eabi/12.3.1/../../../../arm-none-eabi/lib/thumb/v7e-m+fp/hard\libc_nano.a(libc_a-freer.o)
                                                  C:/ST/STM32CubeCLT_1.16.0/GNU-tools-for-STM32/bin/../lib/gcc/arm-none-eabi/12.3.1/../../../../arm-none-eabi/lib/thumb/v7e-m+fp/hard\libc_nano.a(libc_a-fflush.o)
                                                  C:/ST/STM32CubeCLT_1.16.0/GNU-tools-for-STM32/bin/../lib/gcc/arm-none-eabi/12.3.1/../../../../arm-none-eabi/lib/thumb/v7e-m+fp/hard\libc_nano.a(libc_a-reent.o)
_fwalk_sglue                                      C:/ST/STM32CubeCLT_1.16.0/GNU-tools-for-STM32/bin/../lib/gcc/arm-none-eabi/12.3.1/../../../../arm-none-eabi/lib/thumb/v7e-m+fp/hard\libc_nano.a(libc_a-fwalk.o)
                                                  C:/ST/STM32CubeCLT_1.16.0/GNU-tools-for-STM32/bin/../lib/gcc/arm-none-eabi/12.3.1/../../../../arm-none-eabi/lib/thumb/v7e-m+fp/hard\libc_nano.a(libc_a-fflush.o)
                                                  C:/ST/STM32CubeCLT_1.16.0/GNU-tools-for-STM32/bin/../lib/gcc/arm-none-eabi/12.3.1/../../../../arm-none-eabi/lib/thumb/v7e-m+fp/hard\libc_nano.a(libc_a-findfp.o)
_impure_data                                      C:/ST/STM32CubeCLT_1.16.0/GNU-tools-for-STM32/bin/../lib/gcc/arm-none-eabi/12.3.1/../../../../arm-none-eabi/lib/thumb/v7e-m+fp/hard\libc_nano.a(libc_a-impure.o)
                                                  C:/ST/STM32CubeCLT_1.16.0/GNU-tools-for-STM32/bin/../lib/gcc/arm-none-eabi/12.3.1/../../../../arm-none-eabi/lib/thumb/v7e-m+fp/hard\libc_nano.a(libc_a-fflush.o)
                                                  C:/ST/STM32CubeCLT_1.16.0/GNU-tools-for-STM32/bin/../lib/gcc/arm-none-eabi/12.3.1/../../../../arm-none-eabi/lib/thumb/v7e-m+fp/hard\libc_nano.a(libc_a-findfp.o)
_impure_ptr                                       C:/ST/STM32CubeCLT_1.16.0/GNU-tools-for-STM32/bin/../lib/gcc/arm-none-eabi/12.3.1/../../../../arm-none-eabi/lib/thumb/v7e-m+fp/hard\libc_nano.a(libc_a-impure.o)
                                                  C:/ST/STM32CubeCLT_1.16.0/GNU-tools-for-STM32/bin/../lib/gcc/arm-none-eabi/12.3.1/../../../../arm-none-eabi/lib/thumb/v7e-m+fp/hard\libc_nano.a(libc_a-fflush.o)
                                                  C:/ST/STM32CubeCLT_1.16.0/GNU-tools-for-STM32/bin/../lib/gcc/arm-none-eabi/12.3.1/../../../../arm-none-eabi/lib/thumb/v7e-m+fp/hard\libc_nano.a(libc_a-reent.o)
_init                                             C:/ST/STM32CubeCLT_1.16.0/GNU-tools-for-STM32/bin/../lib/gcc/arm-none-eabi/12.3.1/thumb/v7e-m+fp/hard/crti.o
                                                  C:/ST/STM32CubeCLT_1.16.0/GNU-tools-for-STM32/bin/../lib/gcc/arm-none-eabi/12.3.1/../../../../arm-none-eabi/lib/thumb/v7e-m+fp/hard\libc_nano.a(libc_a-init.o)
_lseek                                            C:/ST/STM32CubeCLT_1.16.0/GNU-tools-for-STM32/bin/../lib/gcc/arm-none-eabi/12.3.1/../../../../arm-none-eabi/lib/thumb/v7e-m+fp/hard\libnosys.a(lseek.o)
                                                  C:/ST/STM32CubeCLT_1.16.0/GNU-tools-for-STM32/bin/../lib/gcc/arm-none-eabi/12.3.1/../../../../arm-none-eabi/lib/thumb/v7e-m+fp/hard\libc_nano.a(libc_a-lseekr.o)
_lseek_r                                          C:/ST/STM32CubeCLT_1.16.0/GNU-tools-for-STM32/bin/../lib/gcc/arm-none-eabi/12.3.1/../../../../arm-none-eabi/lib/thumb/v7e-m+fp/hard\libc_nano.a(libc_a-lseekr.o)
                                                  C:/ST/STM32CubeCLT_1.16.0/GNU-tools-for-STM32/bin/../lib/gcc/arm-none-eabi/12.3.1/../../../../arm-none-eabi/lib/thumb/v7e-m+fp/hard\libc_nano.a(libc_a-stdio.o)
_mainCRTStartup                                   C:/ST/STM32CubeCLT_1.16.0/GNU-tools-for-STM32/bin/../lib/gcc/arm-none-eabi/12.3.1/../../../../arm-none-eabi/lib/thumb/v7e-m+fp/hard/crt0.o
_malloc_r                                         C:/ST/STM32CubeCLT_1.16.0/GNU-tools-for-STM32/bin/../lib/gcc/arm-none-eabi/12.3.1/../../../../arm-none-eabi/lib/thumb/v7e-m+fp/hard\libc_nano.a(libc_a-mallocr.o)
                                                  C:/ST/STM32CubeCLT_1.16.0/GNU-tools-for-STM32/bin/../lib/gcc/arm-none-eabi/12.3.1/../../../../arm-none-eabi/lib/thumb/v7e-m+fp/hard\libc_nano.a(libc_a-findfp.o)
_read                                             C:/ST/STM32CubeCLT_1.16.0/GNU-tools-for-STM32/bin/../lib/gcc/arm-none-eabi/12.3.1/../../../../arm-none-eabi/lib/thumb/v7e-m+fp/hard\libnosys.a(read.o)
                                                  C:/ST/STM32CubeCLT_1.16.0/GNU-tools-for-STM32/bin/../lib/gcc/arm-none-eabi/12.3.1/../../../../arm-none-eabi/lib/thumb/v7e-m+fp/hard\libc_nano.a(libc_a-readr.o)
_read_r                                           C:/ST/STM32CubeCLT_1.16.0/GNU-tools-for-STM32/bin/../lib/gcc/arm-none-eabi/12.3.1/../../../../arm-none-eabi/lib/thumb/v7e-m+fp/hard\libc_nano.a(libc_a-readr.o)
                                                  C:/ST/STM32CubeCLT_1.16.0/GNU-tools-for-STM32/bin/../lib/gcc/arm-none-eabi/12.3.1/../../../../arm-none-eabi/lib/thumb/v7e-m+fp/hard\libc_nano.a(libc_a-stdio.o)
_reclaim_reent                                    C:/ST/STM32CubeCLT_1.16.0/GNU-tools-for-STM32/bin/../lib/gcc/arm-none-eabi/12.3.1/../../../../arm-none-eabi/lib/thumb/v7e-m+fp/hard\libc_nano.a(libc_a-reent.o)
_sbrk                                             C:/ST/STM32CubeCLT_1.16.0/GNU-tools-for-STM32/bin/../lib/gcc/arm-none-eabi/12.3.1/../../../../arm-none-eabi/lib/thumb/v7e-m+fp/hard\libnosys.a(sbrk.o)
                                                  C:/ST/STM32CubeCLT_1.16.0/GNU-tools-for-STM32/bin/../lib/gcc/arm-none-eabi/12.3.1/../../../../arm-none-eabi/lib/thumb/v7e-m+fp/hard\libc_nano.a(libc_a-sbrkr.o)
_sbrk_r                                           C:/ST/STM32CubeCLT_1.16.0/GNU-tools-for-STM32/bin/../lib/gcc/arm-none-eabi/12.3.1/../../../../arm-none-eabi/lib/thumb/v7e-m+fp/hard\libc_nano.a(libc_a-sbrkr.o)
                                                  C:/ST/STM32CubeCLT_1.16.0/GNU-tools-for-STM32/bin/../lib/gcc/arm-none-eabi/12.3.1/../../../../arm-none-eabi/lib/thumb/v7e-m+fp/hard\libc_nano.a(libc_a-mallocr.o)
_sbss                                             build/startup_stm32f411xe.o
_sdata                                            build/startup_stm32f411xe.o
_sidata                                           build/startup_stm32f411xe.o
_stack_init                                       C:/ST/STM32CubeCLT_1.16.0/GNU-tools-for-STM32/bin/../lib/gcc/arm-none-eabi/12.3.1/../../../../arm-none-eabi/lib/thumb/v7e-m+fp/hard/crt0.o
_start                                            C:/ST/STM32CubeCLT_1.16.0/GNU-tools-for-STM32/bin/../lib/gcc/arm-none-eabi/12.3.1/../../../../arm-none-eabi/lib/thumb/v7e-m+fp/hard/crt0.o
_write                                            C:/ST/STM32CubeCLT_1.16.0/GNU-tools-for-STM32/bin/../lib/gcc/arm-none-eabi/12.3.1/../../../../arm-none-eabi/lib/thumb/v7e-m+fp/hard\libnosys.a(write.o)
                                                  C:/ST/STM32CubeCLT_1.16.0/GNU-tools-for-STM32/bin/../lib/gcc/arm-none-eabi/12.3.1/../../../../arm-none-eabi/lib/thumb/v7e-m+fp/hard\libc_nano.a(libc_a-writer.o)
_write_r                                          C:/ST/STM32CubeCLT_1.16.0/GNU-tools-for-STM32/bin/../lib/gcc/arm-none-eabi/12.3.1/../../../../arm-none-eabi/lib/thumb/v7e-m+fp/hard\libc_nano.a(libc_a-writer.o)
                                                  C:/ST/STM32CubeCLT_1.16.0/GNU-tools-for-STM32/bin/../lib/gcc/arm-none-eabi/12.3.1/../../../../arm-none-eabi/lib/thumb/v7e-m+fp/hard\libc_nano.a(libc_a-stdio.o)
atexit                                            C:/ST/STM32CubeCLT_1.16.0/GNU-tools-for-STM32/bin/../lib/gcc/arm-none-eabi/12.3.1/../../../../arm-none-eabi/lib/thumb/v7e-m+fp/hard/crt0.o
end                                               C:/ST/STM32CubeCLT_1.16.0/GNU-tools-for-STM32/bin/../lib/gcc/arm-none-eabi/12.3.1/../../../../arm-none-eabi/lib/thumb/v7e-m+fp/hard\libnosys.a(sbrk.o)
errno                                             C:/ST/STM32CubeCLT_1.16.0/GNU-tools-for-STM32/bin/../lib/gcc/arm-none-eabi/12.3.1/../../../../arm-none-eabi/lib/thumb/v7e-m+fp/hard\libc_nano.a(libc_a-reent.o)
                                                  C:/ST/STM32CubeCLT_1.16.0/GNU-tools-for-STM32/bin/../lib/gcc/arm-none-eabi/12.3.1/../../../../arm-none-eabi/lib/thumb/v7e-m+fp/hard\libnosys.a(write.o)
                                                  C:/ST/STM32CubeCLT_1.16.0/GNU-tools-for-STM32/bin/../lib/gcc/arm-none-eabi/12.3.1/../../../../arm-none-eabi/lib/thumb/v7e-m+fp/hard\libnosys.a(read.o)